Archive member included to satisfy reference by file (symbol)

c:/program files (x86)/gnu tools arm embedded/7 2017-q4-major/bin/../lib/gcc/arm-none-eabi/7.2.1/../../../../arm-none-eabi/lib/thumb/v7e-m/fpv4-sp/hard\libc_nano.a(lib_a-errno.o)
                              build/syscalls.o (__errno)
c:/program files (x86)/gnu tools arm embedded/7 2017-q4-major/bin/../lib/gcc/arm-none-eabi/7.2.1/../../../../arm-none-eabi/lib/thumb/v7e-m/fpv4-sp/hard\libc_nano.a(lib_a-exit.o)
                              c:/program files (x86)/gnu tools arm embedded/7 2017-q4-major/bin/../lib/gcc/arm-none-eabi/7.2.1/../../../../arm-none-eabi/lib/thumb/v7e-m/fpv4-sp/hard/crt0.o (exit)
c:/program files (x86)/gnu tools arm embedded/7 2017-q4-major/bin/../lib/gcc/arm-none-eabi/7.2.1/../../../../arm-none-eabi/lib/thumb/v7e-m/fpv4-sp/hard\libc_nano.a(lib_a-impure.o)
                              c:/program files (x86)/gnu tools arm embedded/7 2017-q4-major/bin/../lib/gcc/arm-none-eabi/7.2.1/../../../../arm-none-eabi/lib/thumb/v7e-m/fpv4-sp/hard\libc_nano.a(lib_a-exit.o) (_global_impure_ptr)
c:/program files (x86)/gnu tools arm embedded/7 2017-q4-major/bin/../lib/gcc/arm-none-eabi/7.2.1/../../../../arm-none-eabi/lib/thumb/v7e-m/fpv4-sp/hard\libc_nano.a(lib_a-init.o)
                              c:/program files (x86)/gnu tools arm embedded/7 2017-q4-major/bin/../lib/gcc/arm-none-eabi/7.2.1/../../../../arm-none-eabi/lib/thumb/v7e-m/fpv4-sp/hard/crt0.o (__libc_init_array)
c:/program files (x86)/gnu tools arm embedded/7 2017-q4-major/bin/../lib/gcc/arm-none-eabi/7.2.1/../../../../arm-none-eabi/lib/thumb/v7e-m/fpv4-sp/hard\libc_nano.a(lib_a-memcpy-stub.o)
                              build/flash.o (memcpy)
c:/program files (x86)/gnu tools arm embedded/7 2017-q4-major/bin/../lib/gcc/arm-none-eabi/7.2.1/../../../../arm-none-eabi/lib/thumb/v7e-m/fpv4-sp/hard\libc_nano.a(lib_a-memset.o)
                              c:/program files (x86)/gnu tools arm embedded/7 2017-q4-major/bin/../lib/gcc/arm-none-eabi/7.2.1/../../../../arm-none-eabi/lib/thumb/v7e-m/fpv4-sp/hard/crt0.o (memset)
c:/program files (x86)/gnu tools arm embedded/7 2017-q4-major/bin/../lib/gcc/arm-none-eabi/7.2.1/../../../../arm-none-eabi/lib/thumb/v7e-m/fpv4-sp/hard\libc_nano.a(lib_a-nano-vfprintf_float.o)
                              (_printf_float)
c:/program files (x86)/gnu tools arm embedded/7 2017-q4-major/bin/../lib/gcc/arm-none-eabi/7.2.1/../../../../arm-none-eabi/lib/thumb/v7e-m/fpv4-sp/hard\libc_nano.a(lib_a-nano-vfprintf_i.o)
                              c:/program files (x86)/gnu tools arm embedded/7 2017-q4-major/bin/../lib/gcc/arm-none-eabi/7.2.1/../../../../arm-none-eabi/lib/thumb/v7e-m/fpv4-sp/hard\libc_nano.a(lib_a-nano-vfprintf_float.o) (_printf_common)
c:/program files (x86)/gnu tools arm embedded/7 2017-q4-major/bin/../lib/gcc/arm-none-eabi/7.2.1/../../../../arm-none-eabi/lib/thumb/v7e-m/fpv4-sp/hard\libc_nano.a(lib_a-printf.o)
                              build/spi.o (printf)
c:/program files (x86)/gnu tools arm embedded/7 2017-q4-major/bin/../lib/gcc/arm-none-eabi/7.2.1/../../../../arm-none-eabi/lib/thumb/v7e-m/fpv4-sp/hard\libc_nano.a(lib_a-putchar.o)
                              build/maze.o (putchar)
c:/program files (x86)/gnu tools arm embedded/7 2017-q4-major/bin/../lib/gcc/arm-none-eabi/7.2.1/../../../../arm-none-eabi/lib/thumb/v7e-m/fpv4-sp/hard\libc_nano.a(lib_a-puts.o)
                              build/maze.o (puts)
c:/program files (x86)/gnu tools arm embedded/7 2017-q4-major/bin/../lib/gcc/arm-none-eabi/7.2.1/../../../../arm-none-eabi/lib/thumb/v7e-m/fpv4-sp/hard\libc_nano.a(lib_a-setbuf.o)
                              build/main.o (setbuf)
c:/program files (x86)/gnu tools arm embedded/7 2017-q4-major/bin/../lib/gcc/arm-none-eabi/7.2.1/../../../../arm-none-eabi/lib/thumb/v7e-m/fpv4-sp/hard\libc_nano.a(lib_a-setvbuf.o)
                              c:/program files (x86)/gnu tools arm embedded/7 2017-q4-major/bin/../lib/gcc/arm-none-eabi/7.2.1/../../../../arm-none-eabi/lib/thumb/v7e-m/fpv4-sp/hard\libc_nano.a(lib_a-setbuf.o) (setvbuf)
c:/program files (x86)/gnu tools arm embedded/7 2017-q4-major/bin/../lib/gcc/arm-none-eabi/7.2.1/../../../../arm-none-eabi/lib/thumb/v7e-m/fpv4-sp/hard\libc_nano.a(lib_a-strlen.o)
                              c:/program files (x86)/gnu tools arm embedded/7 2017-q4-major/bin/../lib/gcc/arm-none-eabi/7.2.1/../../../../arm-none-eabi/lib/thumb/v7e-m/fpv4-sp/hard\libc_nano.a(lib_a-nano-vfprintf_float.o) (strlen)
c:/program files (x86)/gnu tools arm embedded/7 2017-q4-major/bin/../lib/gcc/arm-none-eabi/7.2.1/../../../../arm-none-eabi/lib/thumb/v7e-m/fpv4-sp/hard\libc_nano.a(lib_a-wbuf.o)
                              c:/program files (x86)/gnu tools arm embedded/7 2017-q4-major/bin/../lib/gcc/arm-none-eabi/7.2.1/../../../../arm-none-eabi/lib/thumb/v7e-m/fpv4-sp/hard\libc_nano.a(lib_a-puts.o) (__swbuf_r)
[...]
Memory Configuration

Name             Origin             Length             Attributes
RAM              0x20000000         0x00020000         xrw
CCMRAM           0x10000000         0x00010000         rw
FLASH            0x08000000         0x000e0000         xr
DATA             0x080e0000         0x00020000         xr
*default*        0x00000000         0xffffffff

Linker script and memory map

LOAD c:/program files (x86)/gnu tools arm embedded/7 2017-q4-major/bin/../lib/gcc/arm-none-eabi/7.2.1/thumb/v7e-m/fpv4-sp/hard/crti.o
LOAD c:/program files (x86)/gnu tools arm embedded/7 2017-q4-major/bin/../lib/gcc/arm-none-eabi/7.2.1/thumb/v7e-m/fpv4-sp/hard/crtbegin.o
LOAD c:/program files (x86)/gnu tools arm embedded/7 2017-q4-major/bin/../lib/gcc/arm-none-eabi/7.2.1/../../../../arm-none-eabi/lib/thumb/v7e-m/fpv4-sp/hard/crt0.o
LOAD build/stm32f4xx_hal_rcc_ex.o
LOAD build/stm32f4xx_hal_pwr.o
LOAD build/stm32f4xx_hal_dma_ex.o
LOAD build/stm32f4xx_hal_adc_ex.o
LOAD build/stm32f4xx_hal.o
LOAD build/system_stm32f4xx.o
LOAD build/stm32f4xx_hal_flash_ex.o
LOAD build/stm32f4xx_hal_gpio.o
LOAD build/adc.o
LOAD build/stm32f4xx_it.o
LOAD build/stm32f4xx_hal_tim_ex.o
LOAD build/gpio.o
LOAD build/stm32f4xx_hal_pwr_ex.o
LOAD build/stm32f4xx_hal_spi.o
LOAD build/stm32f4xx_hal_rcc.o
LOAD build/stm32f4xx_hal_flash.o
LOAD build/main.o
LOAD build/usart.o
LOAD build/stm32f4xx_hal_flash_ramfunc.o
LOAD build/stm32f4xx_hal_uart.o
LOAD build/tim.o
LOAD build/stm32f4xx_hal_cortex.o
LOAD build/stm32f4xx_hal_adc.o
LOAD build/stm32f4xx_hal_msp.o
LOAD build/stm32f4xx_hal_dma.o
LOAD build/stm32f4xx_hal_tim.o
LOAD build/spi.o
LOAD build/syscalls.o
LOAD build/global.o
LOAD build/control.o
LOAD build/flash.o
LOAD build/mode.o
LOAD build/motion.o
LOAD build/maze.o
LOAD build/dma.o
LOAD build/function.o
LOAD build/startup_stm32f405xx.o
LOAD c:/program files (x86)/gnu tools arm embedded/7 2017-q4-major/bin/../lib/gcc/arm-none-eabi/7.2.1/../../../../arm-none-eabi/lib/thumb/v7e-m/fpv4-sp/hard\libc_nano.a
LOAD c:/program files (x86)/gnu tools arm embedded/7 2017-q4-major/bin/../lib/gcc/arm-none-eabi/7.2.1/../../../../arm-none-eabi/lib/thumb/v7e-m/fpv4-sp/hard\libm.a
LOAD c:/program files (x86)/gnu tools arm embedded/7 2017-q4-major/bin/../lib/gcc/arm-none-eabi/7.2.1/../../../../arm-none-eabi/lib/thumb/v7e-m/fpv4-sp/hard\libnosys.a
LOAD Drivers/CMSIS/Lib/GCC/\libarm_cortexM4lf_math.a
START GROUP
LOAD c:/program files (x86)/gnu tools arm embedded/7 2017-q4-major/bin/../lib/gcc/arm-none-eabi/7.2.1/thumb/v7e-m/fpv4-sp/hard\libgcc.a
LOAD c:/program files (x86)/gnu tools arm embedded/7 2017-q4-major/bin/../lib/gcc/arm-none-eabi/7.2.1/../../../../arm-none-eabi/lib/thumb/v7e-m/fpv4-sp/hard\libc_nano.a
END GROUP
START GROUP
LOAD c:/program files (x86)/gnu tools arm embedded/7 2017-q4-major/bin/../lib/gcc/arm-none-eabi/7.2.1/thumb/v7e-m/fpv4-sp/hard\libgcc.a
LOAD c:/program files (x86)/gnu tools arm embedded/7 2017-q4-major/bin/../lib/gcc/arm-none-eabi/7.2.1/../../../../arm-none-eabi/lib/thumb/v7e-m/fpv4-sp/hard\libc_nano.a
END GROUP
LOAD c:/program files (x86)/gnu tools arm embedded/7 2017-q4-major/bin/../lib/gcc/arm-none-eabi/7.2.1/thumb/v7e-m/fpv4-sp/hard/crtend.o
LOAD c:/program files (x86)/gnu tools arm embedded/7 2017-q4-major/bin/../lib/gcc/arm-none-eabi/7.2.1/thumb/v7e-m/fpv4-sp/hard/crtn.o
                0x20020000                _estack = 0x20020000
                0x00000200                _Min_Heap_Size = 0x200
                0x00000400                _Min_Stack_Size = 0x400

.isr_vector     0x08000000      0x188
                0x08000000                . = ALIGN (0x4)
 *(.isr_vector)
 .isr_vector    0x08000000      0x188 build/startup_stm32f405xx.o
                0x08000000                g_pfnVectors
                0x08000188                . = ALIGN (0x4)

.text           0x08000190     0x76f4
                0x08000190                . = ALIGN (0x4)
 *(.text)
 .text          0x08000190       0x40 c:/program files (x86)/gnu tools arm embedded/7 2017-q4-major/bin/../lib/gcc/arm-none-eabi/7.2.1/thumb/v7e-m/fpv4-sp/hard/crtbegin.o
 .text          0x080001d0       0x10 c:/program files (x86)/gnu tools arm embedded/7 2017-q4-major/bin/../lib/gcc/arm-none-eabi/7.2.1/../../../../arm-none-eabi/lib/thumb/v7e-m/fpv4-sp/hard\libc_nano.a(lib_a-strlen.o)
                0x080001d0                strlen
 .text          0x080001e0       0xa0 c:/program files (x86)/gnu tools arm embedded/7 2017-q4-major/bin/../lib/gcc/arm-none-eabi/7.2.1/../../../../arm-none-eabi/lib/thumb/v7e-m/fpv4-sp/hard\libc_nano.a(lib_a-memchr.o)
                0x080001e0                memchr
 .text          0x08000280      0x378 c:/program files (x86)/gnu tools arm embedded/7 2017-q4-major/bin/../lib/gcc/arm-none-eabi/7.2.1/thumb/v7e-m/fpv4-sp/hard\libgcc.a(_arm_addsubdf3.o)
                0x08000280                __aeabi_drsub
                0x08000288                __aeabi_dsub
                0x08000288                __subdf3
                0x0800028c                __aeabi_dadd
                0x0800028c                __adddf3
                0x08000504                __floatunsidf
                0x08000504                __aeabi_ui2d
                0x08000524                __floatsidf
                0x08000524                __aeabi_i2d
                0x08000548                __aeabi_f2d
                0x08000548                __extendsfdf2
                0x0800058c                __floatundidf
                0x0800058c                __aeabi_ul2d
                0x0800059c                __floatdidf
                0x0800059c                __aeabi_l2d
 .text          0x080005f8      0x424 c:/program files (x86)/gnu tools arm embedded/7 2017-q4-major/bin/../lib/gcc/arm-none-eabi/7.2.1/thumb/v7e-m/fpv4-sp/hard\libgcc.a(_arm_muldivdf3.o)
                0x080005f8                __aeabi_dmul
                0x080005f8                __muldf3
                0x0800084c                __divdf3
                0x0800084c                __aeabi_ddiv
 .text          0x08000a1c      0x110 c:/program files (x86)/gnu tools arm embedded/7 2017-q4-major/bin/../lib/gcc/arm-none-eabi/7.2.1/thumb/v7e-m/fpv4-sp/hard\libgcc.a(_arm_cmpdf2.o)
                0x08000a1c                __gtdf2
                0x08000a1c                __gedf2
                0x08000a24                __ltdf2
                0x08000a24                __ledf2
                0x08000a2c                __nedf2
                0x08000a2c                __eqdf2
                0x08000a2c                __cmpdf2
                0x08000aa8                __aeabi_cdrcmple
                0x08000ab8                __aeabi_cdcmpeq
                0x08000ab8                __aeabi_cdcmple
                0x08000ac8                __aeabi_dcmpeq
                0x08000adc                __aeabi_dcmplt
                0x08000af0                __aeabi_dcmple
                0x08000b04                __aeabi_dcmpge
                0x08000b18                __aeabi_dcmpgt
 .text          0x08000b2c       0x2c c:/program files (x86)/gnu tools arm embedded/7 2017-q4-major/bin/../lib/gcc/arm-none-eabi/7.2.1/thumb/v7e-m/fpv4-sp/hard\libgcc.a(_arm_unorddf2.o)
                0x08000b2c                __unorddf2
                0x08000b2c                __aeabi_dcmpun
 .text          0x08000b58       0x50 c:/program files (x86)/gnu tools arm embedded/7 2017-q4-major/bin/../lib/gcc/arm-none-eabi/7.2.1/thumb/v7e-m/fpv4-sp/hard\libgcc.a(_arm_fixdfsi.o)
                0x08000b58                __aeabi_d2iz
                0x08000b58                __fixdfsi
 .text          0x08000ba8       0x30 c:/program files (x86)/gnu tools arm embedded/7 2017-q4-major/bin/../lib/gcc/arm-none-eabi/7.2.1/thumb/v7e-m/fpv4-sp/hard\libgcc.a(_aeabi_uldivmod.o)
                0x08000ba8                __aeabi_uldivmod
 .text          0x08000bd8      0x2cc c:/program files (x86)/gnu tools arm embedded/7 2017-q4-major/bin/../lib/gcc/arm-none-eabi/7.2.1/thumb/v7e-m/fpv4-sp/hard\libgcc.a(_udivmoddi4.o)
                0x08000bd8                __udivmoddi4
 .text          0x08000ea4        0x4 c:/program files (x86)/gnu tools arm embedded/7 2017-q4-major/bin/../lib/gcc/arm-none-eabi/7.2.1/thumb/v7e-m/fpv4-sp/hard\libgcc.a(_dvmd_tls.o)
                0x08000ea4                __aeabi_idiv0
                0x08000ea4                __aeabi_ldiv0
 *(.text*)
 .text.HAL_InitTick
                0x08000ea8       0x4c build/stm32f4xx_hal.o
                0x08000ea8                HAL_InitTick
 .text.HAL_Init
                0x08000ef4       0x34 build/stm32f4xx_hal.o
                0x08000ef4                HAL_Init
 .text.HAL_IncTick
                0x08000f28       0x18 build/stm32f4xx_hal.o
                0x08000f28                HAL_IncTick
 .text.HAL_GetTick
                0x08000f40        0xc build/stm32f4xx_hal.o
                0x08000f40                HAL_GetTick
 .text.HAL_Delay
                0x08000f4c       0x28 build/stm32f4xx_hal.o
                0x08000f4c                HAL_Delay
 .text.SystemInit
                0x08000f74       0x4c build/system_stm32f4xx.o
                0x08000f74                SystemInit
 .text.HAL_GPIO_Init
                0x08000fc0      0x1c8 build/stm32f4xx_hal_gpio.o
                0x08000fc0                HAL_GPIO_Init
 .text.HAL_GPIO_ReadPin
                0x08001188        0xe build/stm32f4xx_hal_gpio.o
                0x08001188                HAL_GPIO_ReadPin
 .text.HAL_GPIO_WritePin
                0x08001196        0xc build/stm32f4xx_hal_gpio.o
                0x08001196                HAL_GPIO_WritePin
 *fill*         0x080011a2        0x2 
 .text.MX_ADC1_Init
                0x080011a4       0xcc build/adc.o
                0x080011a4                MX_ADC1_Init
 .text.MX_ADC2_Init
                0x08001270       0x70 build/adc.o
                0x08001270                MX_ADC2_Init
 .text.HAL_ADC_MspInit
                0x080012e0       0xcc build/adc.o
                0x080012e0                HAL_ADC_MspInit
 .text.NMI_Handler
                0x080013ac        0x2 build/stm32f4xx_it.o
                0x080013ac                NMI_Handler
 .text.HardFault_Handler
                0x080013ae        0x2 build/stm32f4xx_it.o
                0x080013ae                HardFault_Handler
 .text.MemManage_Handler
                0x080013b0        0x2 build/stm32f4xx_it.o
                0x080013b0                MemManage_Handler
 .text.BusFault_Handler
                0x080013b2        0x2 build/stm32f4xx_it.o
                0x080013b2                BusFault_Handler
 .text.UsageFault_Handler
                0x080013b4        0x2 build/stm32f4xx_it.o
                0x080013b4                UsageFault_Handler
 .text.SVC_Handler
                0x080013b6        0x2 build/stm32f4xx_it.o
                0x080013b6                SVC_Handler
 .text.DebugMon_Handler
                0x080013b8        0x2 build/stm32f4xx_it.o
                0x080013b8                DebugMon_Handler
 .text.PendSV_Handler
                0x080013ba        0x2 build/stm32f4xx_it.o
                0x080013ba                PendSV_Handler
 .text.SysTick_Handler
                0x080013bc      0x128 build/stm32f4xx_it.o
                0x080013bc                SysTick_Handler
 .text.DMA2_Stream0_IRQHandler
                0x080014e4       0x10 build/stm32f4xx_it.o
                0x080014e4                DMA2_Stream0_IRQHandler
 .text.HAL_ADC_ConvHalfCpltCallback
                0x080014f4       0x10 build/stm32f4xx_it.o
                0x080014f4                HAL_ADC_ConvHalfCpltCallback
 .text.HAL_TIMEx_MasterConfigSynchronization
                0x08001504       0x52 build/stm32f4xx_hal_tim_ex.o
                0x08001504                HAL_TIMEx_MasterConfigSynchronization
 .text.HAL_TIMEx_ConfigBreakDeadTime
                0x08001556       0x58 build/stm32f4xx_hal_tim_ex.o
                0x08001556                HAL_TIMEx_ConfigBreakDeadTime
 *fill*         0x080015ae        0x2 
 .text.MX_GPIO_Init
                0x080015b0       0xc4 build/gpio.o
                0x080015b0                MX_GPIO_Init
 .text.Push     0x08001674       0x24 build/gpio.o
                0x08001674                Push
 .text.All_LED_OFF
                0x08001698       0x38 build/gpio.o
                0x08001698                All_LED_OFF
 .text.LED_Control
                0x080016d0       0x90 build/gpio.o
                0x080016d0                LED_Control
 .text.SPI_WaitFlagStateUntilTimeout
                0x08001760       0x96 build/stm32f4xx_hal_spi.o
 .text.SPI_CheckFlag_BSY
                0x080017f6       0x28 build/stm32f4xx_hal_spi.o
 .text.HAL_SPI_Init
                0x0800181e       0x80 build/stm32f4xx_hal_spi.o
                0x0800181e                HAL_SPI_Init
 .text.HAL_SPI_Transmit
                0x0800189e      0x1a6 build/stm32f4xx_hal_spi.o
                0x0800189e                HAL_SPI_Transmit
 .text.HAL_SPI_TransmitReceive
                0x08001a44      0x238 build/stm32f4xx_hal_spi.o
                0x08001a44                HAL_SPI_TransmitReceive
 .text.HAL_SPI_Receive
                0x08001c7c      0x168 build/stm32f4xx_hal_spi.o
                0x08001c7c                HAL_SPI_Receive
 .text.HAL_RCC_OscConfig
                0x08001de4      0x398 build/stm32f4xx_hal_rcc.o
                0x08001de4                HAL_RCC_OscConfig
 .text.HAL_RCC_GetSysClockFreq
                0x0800217c       0xa8 build/stm32f4xx_hal_rcc.o
                0x0800217c                HAL_RCC_GetSysClockFreq
 .text.HAL_RCC_ClockConfig
                0x08002224      0x158 build/stm32f4xx_hal_rcc.o
                0x08002224                HAL_RCC_ClockConfig
 .text.HAL_RCC_GetHCLKFreq
                0x0800237c        0xc build/stm32f4xx_hal_rcc.o
                0x0800237c                HAL_RCC_GetHCLKFreq
 .text.HAL_RCC_GetPCLK1Freq
                0x08002388       0x20 build/stm32f4xx_hal_rcc.o
                0x08002388                HAL_RCC_GetPCLK1Freq
 .text.HAL_RCC_GetPCLK2Freq
                0x080023a8       0x20 build/stm32f4xx_hal_rcc.o
                0x080023a8                HAL_RCC_GetPCLK2Freq
 .text.__io_putchar
                0x080023c8       0x20 build/main.o
                0x080023c8                __io_putchar
 .text.Init_Main
                0x080023e8       0x94 build/main.o
                0x080023e8                Init_Main
 .text._Error_Handler
                0x0800247c        0x2 build/main.o
                0x0800247c                _Error_Handler
 *fill*         0x0800247e        0x2 
 .text.SystemClock_Config
                0x08002480       0xbc build/main.o
                0x08002480                SystemClock_Config
 .text.main     0x0800253c       0x40 build/main.o
                0x0800253c                main
 .text.MX_USART3_UART_Init
                0x0800257c       0x3c build/usart.o
                0x0800257c                MX_USART3_UART_Init
 .text.HAL_UART_MspInit
                0x080025b8       0x58 build/usart.o
                0x080025b8                HAL_UART_MspInit
 .text.UART_SetConfig
                0x08002610      0x334 build/stm32f4xx_hal_uart.o
 .text.UART_WaitOnFlagUntilTimeout
                0x08002944       0x62 build/stm32f4xx_hal_uart.o
 .text.HAL_UART_Init
                0x080029a6       0x5e build/stm32f4xx_hal_uart.o
                0x080029a6                HAL_UART_Init
 .text.HAL_UART_Transmit
                0x08002a04       0xe0 build/stm32f4xx_hal_uart.o
                0x08002a04                HAL_UART_Transmit
 .text.MX_TIM3_Init
                0x08002ae4       0x6c build/tim.o
                0x08002ae4                MX_TIM3_Init
 .text.MX_TIM4_Init
                0x08002b50       0x6c build/tim.o
                0x08002b50                MX_TIM4_Init
 .text.HAL_TIM_PWM_MspInit
                0x08002bbc       0x50 build/tim.o
                0x08002bbc                HAL_TIM_PWM_MspInit
 .text.HAL_TIM_Encoder_MspInit
                0x08002c0c       0x8c build/tim.o
                0x08002c0c                HAL_TIM_Encoder_MspInit
 .text.HAL_TIM_MspPostInit
                0x08002c98       0x5c build/tim.o
                0x08002c98                HAL_TIM_MspPostInit
 .text.MX_TIM1_Init
                0x08002cf4       0xf8 build/tim.o
                0x08002cf4                MX_TIM1_Init
 .text.MX_TIM2_Init
                0x08002dec       0x7c build/tim.o
                0x08002dec                MX_TIM2_Init
 .text.Buzzer_pwm
                0x08002e68       0x7c build/tim.o
                0x08002e68                Buzzer_pwm
 .text.update_encoder
                0x08002ee4       0xfc build/tim.o
                0x08002ee4                update_encoder
 .text.HAL_NVIC_SetPriorityGrouping
                0x08002fe0       0x24 build/stm32f4xx_hal_cortex.o
                0x08002fe0                HAL_NVIC_SetPriorityGrouping
 .text.HAL_NVIC_SetPriority
                0x08003004       0x68 build/stm32f4xx_hal_cortex.o
                0x08003004                HAL_NVIC_SetPriority
 .text.HAL_NVIC_EnableIRQ
                0x0800306c       0x18 build/stm32f4xx_hal_cortex.o
                0x0800306c                HAL_NVIC_EnableIRQ
 .text.HAL_SYSTICK_Config
                0x08003084       0x2c build/stm32f4xx_hal_cortex.o
                0x08003084                HAL_SYSTICK_Config
 .text.HAL_SYSTICK_CLKSourceConfig
                0x080030b0       0x20 build/stm32f4xx_hal_cortex.o
                0x080030b0                HAL_SYSTICK_CLKSourceConfig
 .text.HAL_SYSTICK_Callback
                0x080030d0        0x2 build/stm32f4xx_hal_cortex.o
                0x080030d0                HAL_SYSTICK_Callback
 .text.HAL_SYSTICK_IRQHandler
                0x080030d2        0x8 build/stm32f4xx_hal_cortex.o
                0x080030d2                HAL_SYSTICK_IRQHandler
 *fill*         0x080030da        0x2 
 .text.ADC_Init
                0x080030dc      0x130 build/stm32f4xx_hal_adc.o
 .text.HAL_ADC_Init
                0x0800320c       0x54 build/stm32f4xx_hal_adc.o
                0x0800320c                HAL_ADC_Init
 .text.HAL_ADC_Start_DMA
                0x08003260      0x144 build/stm32f4xx_hal_adc.o
                0x08003260                HAL_ADC_Start_DMA
 .text.HAL_ADC_Stop_DMA
                0x080033a4       0x5e build/stm32f4xx_hal_adc.o
                0x080033a4                HAL_ADC_Stop_DMA
 .text.HAL_ADC_ConvCpltCallback
                0x08003402        0x2 build/stm32f4xx_hal_adc.o
                0x08003402                HAL_ADC_ConvCpltCallback
 .text.ADC_DMAConvCplt
                0x08003404       0x62 build/stm32f4xx_hal_adc.o
 .text.ADC_DMAHalfConvCplt
                0x08003466        0xa build/stm32f4xx_hal_adc.o
 .text.HAL_ADC_ErrorCallback
                0x08003470        0x2 build/stm32f4xx_hal_adc.o
                0x08003470                HAL_ADC_ErrorCallback
 .text.ADC_DMAError
                0x08003472       0x16 build/stm32f4xx_hal_adc.o
 .text.HAL_ADC_ConfigChannel
                0x08003488      0x190 build/stm32f4xx_hal_adc.o
                0x08003488                HAL_ADC_ConfigChannel
 .text.HAL_MspInit
                0x08003618       0x5e build/stm32f4xx_hal_msp.o
                0x08003618                HAL_MspInit
 .text.DMA_SetConfig
                0x08003676       0x2c build/stm32f4xx_hal_dma.o
 *fill*         0x080036a2        0x2 
 .text.DMA_CalcBaseAndBitshift
                0x080036a4       0x3c build/stm32f4xx_hal_dma.o
 .text.DMA_CheckFifoParam
                0x080036e0       0x8e build/stm32f4xx_hal_dma.o
 *fill*         0x0800376e        0x2 
 .text.HAL_DMA_Init
                0x08003770       0xcc build/stm32f4xx_hal_dma.o
                0x08003770                HAL_DMA_Init
 .text.HAL_DMA_Start_IT
                0x0800383c       0x74 build/stm32f4xx_hal_dma.o
                0x0800383c                HAL_DMA_Start_IT
 .text.HAL_DMA_Abort
                0x080038b0       0x94 build/stm32f4xx_hal_dma.o
                0x080038b0                HAL_DMA_Abort
 .text.HAL_DMA_IRQHandler
                0x08003944      0x1dc build/stm32f4xx_hal_dma.o
                0x08003944                HAL_DMA_IRQHandler
 .text.TIM_OC1_SetConfig
                0x08003b20       0x5c build/stm32f4xx_hal_tim.o
 .text.TIM_OC3_SetConfig
                0x08003b7c       0x60 build/stm32f4xx_hal_tim.o
 .text.TIM_OC4_SetConfig
                0x08003bdc       0x50 build/stm32f4xx_hal_tim.o
 .text.TIM_Base_SetConfig
                0x08003c2c       0xc0 build/stm32f4xx_hal_tim.o
                0x08003c2c                TIM_Base_SetConfig
 .text.HAL_TIM_PWM_Init
                0x08003cec       0x32 build/stm32f4xx_hal_tim.o
                0x08003cec                HAL_TIM_PWM_Init
 .text.HAL_TIM_Encoder_Init
                0x08003d1e       0x98 build/stm32f4xx_hal_tim.o
                0x08003d1e                HAL_TIM_Encoder_Init
 *fill*         0x08003db6        0x2 
 .text.TIM_OC2_SetConfig
                0x08003db8       0x64 build/stm32f4xx_hal_tim.o
                0x08003db8                TIM_OC2_SetConfig
 .text.HAL_TIM_PWM_ConfigChannel
                0x08003e1c       0xdc build/stm32f4xx_hal_tim.o
                0x08003e1c                HAL_TIM_PWM_ConfigChannel
 .text.TIM_CCxChannelCmd
                0x08003ef8       0x1e build/stm32f4xx_hal_tim.o
                0x08003ef8                TIM_CCxChannelCmd
 *fill*         0x08003f16        0x2 
 .text.HAL_TIM_PWM_Start
                0x08003f18       0x38 build/stm32f4xx_hal_tim.o
                0x08003f18                HAL_TIM_PWM_Start
 .text.HAL_TIM_Encoder_Start
                0x08003f50       0x44 build/stm32f4xx_hal_tim.o
                0x08003f50                HAL_TIM_Encoder_Start
 .text.MX_SPI2_Init
                0x08003f94       0x48 build/spi.o
                0x08003f94                MX_SPI2_Init
 .text.HAL_SPI_MspInit
                0x08003fdc       0x54 build/spi.o
                0x08003fdc                HAL_SPI_MspInit
 .text.read_byte
                0x08004030       0x54 build/spi.o
                0x08004030                read_byte
 .text.read_shift_byte
                0x08004084       0x5c build/spi.o
                0x08004084                read_shift_byte
 .text.write_byte
                0x080040e0       0x54 build/spi.o
                0x080040e0                write_byte
 .text.set_mpu6500
                0x08004134       0x38 build/spi.o
                0x08004134                set_mpu6500
 .text.get_gyro
                0x0800416c       0x24 build/spi.o
                0x0800416c                get_gyro
 .text.gyro_offset_calc_reset
                0x08004190       0x1c build/spi.o
                0x08004190                gyro_offset_calc_reset
 .text.gyro_offset_calc
                0x080041ac       0x5c build/spi.o
                0x080041ac                gyro_offset_calc
 .text.Update_gyro
                0x08004208       0x48 build/spi.o
                0x08004208                Update_gyro
 .text._read    0x08004250       0x1c build/syscalls.o
                0x08004250                _read
 .text._write   0x0800426c       0x1c build/syscalls.o
                0x0800426c                _write
 .text._sbrk    0x08004288       0x3c build/syscalls.o
                0x08004288                _sbrk
 .text._close   0x080042c4        0x6 build/syscalls.o
                0x080042c4                _close
 .text._fstat   0x080042ca        0xa build/syscalls.o
                0x080042ca                _fstat
 .text._isatty  0x080042d4        0x4 build/syscalls.o
                0x080042d4                _isatty
 .text._lseek   0x080042d8        0x4 build/syscalls.o
                0x080042d8                _lseek
 .text.PID_value
                0x080042dc       0x40 build/control.o
                0x080042dc                PID_value
 .text.Calc_Palam
                0x0800431c       0x38 build/control.o
                0x0800431c                Calc_Palam
 .text.Straight_Calc_fb
                0x08004354      0x114 build/control.o
                0x08004354                Straight_Calc_fb
 .text.Straight_Calc_Zero
                0x08004468       0x30 build/control.o
                0x08004468                Straight_Calc_Zero
 .text.Straight_SysTic_fb
                0x08004498      0x16c build/control.o
                0x08004498                Straight_SysTic_fb
 .text.Yawrate_Calc_fb
                0x08004604       0xe0 build/control.o
                0x08004604                Yawrate_Calc_fb
 .text.Yawrate_Calc_Zero
                0x080046e4        0xc build/control.o
                0x080046e4                Yawrate_Calc_Zero
 .text.Yawrate_SysTic_fb
                0x080046f0       0xe0 build/control.o
                0x080046f0                Yawrate_SysTic_fb
 .text.Control_Wall
                0x080047d0       0x50 build/control.o
                0x080047d0                Control_Wall
 .text.Output_Buzzer
                0x08004820       0x1a build/control.o
                0x08004820                Output_Buzzer
 *fill*         0x0800483a        0x2 
 .text.Sensor_Check
                0x0800483c       0x94 build/control.o
                0x0800483c                Sensor_Check
 .text.Mode_select
                0x080048d0       0x98 build/mode.o
                0x080048d0                Mode_select
 .text.Mode_mouse
                0x08004968       0x8c build/mode.o
                0x08004968                Mode_mouse
 .text.Straight_HalF
                0x080049f4       0x20 build/motion.o
                0x080049f4                Straight_HalF
 .text.Turn_Half
                0x08004a14       0x24 build/motion.o
                0x08004a14                Turn_Half
 .text.Turn_Quarter_Left
                0x08004a38       0x24 build/motion.o
                0x08004a38                Turn_Quarter_Left
 .text.Turn_Quarter_Right
                0x08004a5c       0x28 build/motion.o
                0x08004a5c                Turn_Quarter_Right
 .text.Straight_Check
                0x08004a84       0x30 build/motion.o
                0x08004a84                Straight_Check
 .text.Motion_Left
                0x08004ab4       0x68 build/motion.o
                0x08004ab4                Motion_Left
 .text.Motion_Right
                0x08004b1c       0x68 build/motion.o
                0x08004b1c                Motion_Right
 .text.Motion_Uturn
                0x08004b84       0x68 build/motion.o
                0x08004b84                Motion_Uturn
 .text.Motion_Straight_Check
                0x08004bec       0x20 build/motion.o
                0x08004bec                Motion_Straight_Check
 .text.Show_log
                0x08004c0c       0x70 build/motion.o
                0x08004c0c                Show_log
 .text.Sensor_Mode
                0x08004c7c       0x44 build/motion.o
                0x08004c7c                Sensor_Mode
 .text.Batt_Check
                0x08004cc0       0x84 build/motion.o
                0x08004cc0                Batt_Check
 .text.PT_Switch
                0x08004d44       0x1c build/motion.o
                0x08004d44                PT_Switch
 .text.MX_DMA_Init
                0x08004d60       0x34 build/dma.o
                0x08004d60                MX_DMA_Init
 .text.setIrledPwm
                0x08004d94        0xc build/function.o
                0x08004d94                setIrledPwm
 .text.setSensorConstant
                0x08004da0        0x6 build/function.o
                0x08004da0                setSensorConstant
 *fill*         0x08004da6        0x2 
 .text.update_sensor_data
                0x08004da8       0x80 build/function.o
                0x08004da8                update_sensor_data
 .text.adcStart
                0x08004e28       0x28 build/function.o
                0x08004e28                adcStart
 .text.adcCheckConvert
                0x08004e50       0x3c build/function.o
                0x08004e50                adcCheckConvert
 .text.getADSensor
                0x08004e8c      0x170 build/function.o
                0x08004e8c                getADSensor
 .text.Reset_Handler
                0x08004ffc       0x50 build/startup_stm32f405xx.o
                0x08004ffc                Reset_Handler
 .text.Default_Handler
                0x0800504c        0x2 build/startup_stm32f405xx.o
                0x0800504c                RTC_Alarm_IRQHandler
                0x0800504c                HASH_RNG_IRQHandler
                0x0800504c                EXTI2_IRQHandler
                0x0800504c                TIM8_CC_IRQHandler
                0x0800504c                TIM1_CC_IRQHandler
                0x0800504c                DMA2_Stream5_IRQHandler
                0x0800504c                DMA1_Stream5_IRQHandler
                0x0800504c                PVD_IRQHandler
                0x0800504c                SDIO_IRQHandler
                0x0800504c                TAMP_STAMP_IRQHandler
                0x0800504c                CAN2_RX1_IRQHandler
                0x0800504c                EXTI3_IRQHandler
                0x0800504c                TIM8_TRG_COM_TIM14_IRQHandler
                0x0800504c                TIM1_UP_TIM10_IRQHandler
                0x0800504c                TIM8_UP_TIM13_IRQHandler
                0x0800504c                I2C3_ER_IRQHandler
                0x0800504c                EXTI0_IRQHandler
                0x0800504c                I2C2_EV_IRQHandler
                0x0800504c                DMA1_Stream2_IRQHandler
                0x0800504c                CAN1_RX0_IRQHandler
                0x0800504c                FPU_IRQHandler
                0x0800504c                OTG_HS_WKUP_IRQHandler
                0x0800504c                CAN2_SCE_IRQHandler
                0x0800504c                DMA2_Stream2_IRQHandler
                0x0800504c                SPI1_IRQHandler
                0x0800504c                TIM6_DAC_IRQHandler
                0x0800504c                TIM1_BRK_TIM9_IRQHandler
                0x0800504c                CAN2_RX0_IRQHandler
                0x0800504c                DMA2_Stream3_IRQHandler
                0x0800504c                USART6_IRQHandler
                0x0800504c                USART3_IRQHandler
                0x0800504c                CAN1_RX1_IRQHandler
                0x0800504c                UART5_IRQHandler
                0x0800504c                TIM4_IRQHandler
                0x0800504c                I2C1_EV_IRQHandler
                0x0800504c                DMA1_Stream6_IRQHandler
                0x0800504c                DMA1_Stream1_IRQHandler
                0x0800504c                UART4_IRQHandler
                0x0800504c                TIM3_IRQHandler
                0x0800504c                RCC_IRQHandler
                0x0800504c                TIM8_BRK_TIM12_IRQHandler
                0x0800504c                Default_Handler
                0x0800504c                EXTI15_10_IRQHandler
                0x0800504c                ADC_IRQHandler
                0x0800504c                DMA1_Stream7_IRQHandler
                0x0800504c                TIM7_IRQHandler
                0x0800504c                CAN2_TX_IRQHandler
                0x0800504c                TIM5_IRQHandler
                0x0800504c                DMA2_Stream7_IRQHandler
                0x0800504c                I2C3_EV_IRQHandler
                0x0800504c                EXTI9_5_IRQHandler
                0x0800504c                RTC_WKUP_IRQHandler
                0x0800504c                SPI2_IRQHandler
                0x0800504c                OTG_HS_EP1_IN_IRQHandler
                0x0800504c                DMA1_Stream0_IRQHandler
                0x0800504c                CAN1_TX_IRQHandler
                0x0800504c                EXTI4_IRQHandler
                0x0800504c                FSMC_IRQHandler
                0x0800504c                OTG_HS_EP1_OUT_IRQHandler
                0x0800504c                WWDG_IRQHandler
                0x0800504c                TIM2_IRQHandler
                0x0800504c                OTG_FS_WKUP_IRQHandler
                0x0800504c                TIM1_TRG_COM_TIM11_IRQHandler
                0x0800504c                OTG_HS_IRQHandler
                0x0800504c                EXTI1_IRQHandler
                0x0800504c                USART2_IRQHandler
                0x0800504c                I2C2_ER_IRQHandler
                0x0800504c                DMA2_Stream1_IRQHandler
                0x0800504c                CAN1_SCE_IRQHandler
                0x0800504c                FLASH_IRQHandler
                0x0800504c                DMA2_Stream4_IRQHandler
                0x0800504c                USART1_IRQHandler
                0x0800504c                OTG_FS_IRQHandler
                0x0800504c                SPI3_IRQHandler
                0x0800504c                DMA1_Stream4_IRQHandler
                0x0800504c                I2C1_ER_IRQHandler
                0x0800504c                DMA2_Stream6_IRQHandler
                0x0800504c                DMA1_Stream3_IRQHandler
 *fill*         0x0800504e        0x2 
 .text.__errno  0x08005050        0xc c:/program files (x86)/gnu tools arm embedded/7 2017-q4-major/bin/../lib/gcc/arm-none-eabi/7.2.1/../../../../arm-none-eabi/lib/thumb/v7e-m/fpv4-sp/hard\libc_nano.a(lib_a-errno.o)
                0x08005050                __errno
 .text.__libc_init_array
                0x0800505c       0x48 c:/program files (x86)/gnu tools arm embedded/7 2017-q4-major/bin/../lib/gcc/arm-none-eabi/7.2.1/../../../../arm-none-eabi/lib/thumb/v7e-m/fpv4-sp/hard\libc_nano.a(lib_a-init.o)
                0x0800505c                __libc_init_array
 .text.memcpy   0x080050a4       0x16 c:/program files (x86)/gnu tools arm embedded/7 2017-q4-major/bin/../lib/gcc/arm-none-eabi/7.2.1/../../../../arm-none-eabi/lib/thumb/v7e-m/fpv4-sp/hard\libc_nano.a(lib_a-memcpy-stub.o)
                0x080050a4                memcpy
 .text.memset   0x080050ba       0x10 c:/program files (x86)/gnu tools arm embedded/7 2017-q4-major/bin/../lib/gcc/arm-none-eabi/7.2.1/../../../../arm-none-eabi/lib/thumb/v7e-m/fpv4-sp/hard\libc_nano.a(lib_a-memset.o)
                0x080050ba                memset
 .text.__cvt    0x080050ca       0xc2 c:/program files (x86)/gnu tools arm embedded/7 2017-q4-major/bin/../lib/gcc/arm-none-eabi/7.2.1/../../../../arm-none-eabi/lib/thumb/v7e-m/fpv4-sp/hard\libc_nano.a(lib_a-nano-vfprintf_float.o)
                0x080050ca                __cvt
 .text.__exponent
                0x0800518c       0x66 c:/program files (x86)/gnu tools arm embedded/7 2017-q4-major/bin/../lib/gcc/arm-none-eabi/7.2.1/../../../../arm-none-eabi/lib/thumb/v7e-m/fpv4-sp/hard\libc_nano.a(lib_a-nano-vfprintf_float.o)
                0x0800518c                __exponent
 *fill*         0x080051f2        0x2 
 .text._printf_float
                0x080051f4      0x480 c:/program files (x86)/gnu tools arm embedded/7 2017-q4-major/bin/../lib/gcc/arm-none-eabi/7.2.1/../../../../arm-none-eabi/lib/thumb/v7e-m/fpv4-sp/hard\libc_nano.a(lib_a-nano-vfprintf_float.o)
                0x080051f4                _printf_float
 .text._printf_common
                0x08005674       0xea c:/program files (x86)/gnu tools arm embedded/7 2017-q4-major/bin/../lib/gcc/arm-none-eabi/7.2.1/../../../../arm-none-eabi/lib/thumb/v7e-m/fpv4-sp/hard\libc_nano.a(lib_a-nano-vfprintf_i.o)
                0x08005674                _printf_common
 *fill*         0x0800575e        0x2 
 .text._printf_i
                0x08005760      0x224 c:/program files (x86)/gnu tools arm embedded/7 2017-q4-major/bin/../lib/gcc/arm-none-eabi/7.2.1/../../../../arm-none-eabi/lib/thumb/v7e-m/fpv4-sp/hard\libc_nano.a(lib_a-nano-vfprintf_i.o)
                0x08005760                _printf_i
 .text.printf   0x08005984       0x30 c:/program files (x86)/gnu tools arm embedded/7 2017-q4-major/bin/../lib/gcc/arm-none-eabi/7.2.1/../../../../arm-none-eabi/lib/thumb/v7e-m/fpv4-sp/hard\libc_nano.a(lib_a-printf.o)
                0x08005984                iprintf
                0x08005984                printf
 .text.setbuf   0x080059b4       0x10 c:/program files (x86)/gnu tools arm embedded/7 2017-q4-major/bin/../lib/gcc/arm-none-eabi/7.2.1/../../../../arm-none-eabi/lib/thumb/v7e-m/fpv4-sp/hard\libc_nano.a(lib_a-setbuf.o)
                0x080059b4                setbuf
 .text.setvbuf  0x080059c4      0x15c c:/program files (x86)/gnu tools arm embedded/7 2017-q4-major/bin/../lib/gcc/arm-none-eabi/7.2.1/../../../../arm-none-eabi/lib/thumb/v7e-m/fpv4-sp/hard\libc_nano.a(lib_a-setvbuf.o)
                0x080059c4                setvbuf
 .text.__swbuf_r
                0x08005b20       0xa4 c:/program files (x86)/gnu tools arm embedded/7 2017-q4-major/bin/../lib/gcc/arm-none-eabi/7.2.1/../../../../arm-none-eabi/lib/thumb/v7e-m/fpv4-sp/hard\libc_nano.a(lib_a-wbuf.o)
                0x08005b20                __swbuf_r
 .text.__swsetup_r
                0x08005bc4       0xdc c:/program files (x86)/gnu tools arm embedded/7 2017-q4-major/bin/../lib/gcc/arm-none-eabi/7.2.1/../../../../arm-none-eabi/lib/thumb/v7e-m/fpv4-sp/hard\libc_nano.a(lib_a-wsetup.o)
                0x08005bc4                __swsetup_r
 .text.quorem   0x08005ca0      0x118 c:/program files (x86)/gnu tools arm embedded/7 2017-q4-major/bin/../lib/gcc/arm-none-eabi/7.2.1/../../../../arm-none-eabi/lib/thumb/v7e-m/fpv4-sp/hard\libc_nano.a(lib_a-dtoa.o)
 .text._dtoa_r  0x08005db8      0xb70 c:/program files (x86)/gnu tools arm embedded/7 2017-q4-major/bin/../lib/gcc/arm-none-eabi/7.2.1/../../../../arm-none-eabi/lib/thumb/v7e-m/fpv4-sp/hard\libc_nano.a(lib_a-dtoa.o)
                0x08005db8                _dtoa_r
 .text.__sflush_r
                0x08006928      0x10c c:/program files (x86)/gnu tools arm embedded/7 2017-q4-major/bin/../lib/gcc/arm-none-eabi/7.2.1/../../../../arm-none-eabi/lib/thumb/v7e-m/fpv4-sp/hard\libc_nano.a(lib_a-fflush.o)
                0x08006928                __sflush_r
 .text._fflush_r
                0x08006a34       0x54 c:/program files (x86)/gnu tools arm embedded/7 2017-q4-major/bin/../lib/gcc/arm-none-eabi/7.2.1/../../../../arm-none-eabi/lib/thumb/v7e-m/fpv4-sp/hard\libc_nano.a(lib_a-fflush.o)
                0x08006a34                _fflush_r
 .text.std      0x08006a88       0x48 c:/program files (x86)/gnu tools arm embedded/7 2017-q4-major/bin/../lib/gcc/arm-none-eabi/7.2.1/../../../../arm-none-eabi/lib/thumb/v7e-m/fpv4-sp/hard\libc_nano.a(lib_a-findfp.o)
 .text._cleanup_r
                0x08006ad0        0xc c:/program files (x86)/gnu tools arm embedded/7 2017-q4-major/bin/../lib/gcc/arm-none-eabi/7.2.1/../../../../arm-none-eabi/lib/thumb/v7e-m/fpv4-sp/hard\libc_nano.a(lib_a-findfp.o)
                0x08006ad0                _cleanup_r
 .text.__sfmoreglue
                0x08006adc       0x2c c:/program files (x86)/gnu tools arm embedded/7 2017-q4-major/bin/../lib/gcc/arm-none-eabi/7.2.1/../../../../arm-none-eabi/lib/thumb/v7e-m/fpv4-sp/hard\libc_nano.a(lib_a-findfp.o)
                0x08006adc                __sfmoreglue
 .text.__sinit  0x08006b08       0x60 c:/program files (x86)/gnu tools arm embedded/7 2017-q4-major/bin/../lib/gcc/arm-none-eabi/7.2.1/../../../../arm-none-eabi/lib/thumb/v7e-m/fpv4-sp/hard\libc_nano.a(lib_a-findfp.o)
                0x08006b08                __sinit
 .text.__sfp    0x08006b68       0x78 c:/program files (x86)/gnu tools arm embedded/7 2017-q4-major/bin/../lib/gcc/arm-none-eabi/7.2.1/../../../../arm-none-eabi/lib/thumb/v7e-m/fpv4-sp/hard\libc_nano.a(lib_a-findfp.o)
                0x08006b68                __sfp
 .text._fwalk_reent
                0x08006be0       0x3c c:/program files (x86)/gnu tools arm embedded/7 2017-q4-major/bin/../lib/gcc/arm-none-eabi/7.2.1/../../../../arm-none-eabi/lib/thumb/v7e-m/fpv4-sp/hard\libc_nano.a(lib_a-fwalk.o)
                0x08006be0                _fwalk_reent
 .text._localeconv_r
                0x08006c1c       0x1c c:/program files (x86)/gnu tools arm embedded/7 2017-q4-major/bin/../lib/gcc/arm-none-eabi/7.2.1/../../../../arm-none-eabi/lib/thumb/v7e-m/fpv4-sp/hard\libc_nano.a(lib_a-localeconv.o)
                0x08006c1c                _localeconv_r
 .text.__swhatbuf_r
                0x08006c38       0x48 c:/program files (x86)/gnu tools arm embedded/7 2017-q4-major/bin/../lib/gcc/arm-none-eabi/7.2.1/../../../../arm-none-eabi/lib/thumb/v7e-m/fpv4-sp/hard\libc_nano.a(lib_a-makebuf.o)
                0x08006c38                __swhatbuf_r
 .text.__smakebuf_r
                0x08006c80       0x80 c:/program files (x86)/gnu tools arm embedded/7 2017-q4-major/bin/../lib/gcc/arm-none-eabi/7.2.1/../../../../arm-none-eabi/lib/thumb/v7e-m/fpv4-sp/hard\libc_nano.a(lib_a-makebuf.o)
                0x08006c80                __smakebuf_r
 .text.malloc   0x08006d00       0x10 c:/program files (x86)/gnu tools arm embedded/7 2017-q4-major/bin/../lib/gcc/arm-none-eabi/7.2.1/../../../../arm-none-eabi/lib/thumb/v7e-m/fpv4-sp/hard\libc_nano.a(lib_a-malloc.o)
                0x08006d00                malloc
 .text._Balloc  0x08006d10       0x68 c:/program files (x86)/gnu tools arm embedded/7 2017-q4-major/bin/../lib/gcc/arm-none-eabi/7.2.1/../../../../arm-none-eabi/lib/thumb/v7e-m/fpv4-sp/hard\libc_nano.a(lib_a-mprec.o)
                0x08006d10                _Balloc
 .text._Bfree   0x08006d78       0x2e c:/program files (x86)/gnu tools arm embedded/7 2017-q4-major/bin/../lib/gcc/arm-none-eabi/7.2.1/../../../../arm-none-eabi/lib/thumb/v7e-m/fpv4-sp/hard\libc_nano.a(lib_a-mprec.o)
                0x08006d78                _Bfree
 .text.__multadd
                0x08006da6       0x76 c:/program files (x86)/gnu tools arm embedded/7 2017-q4-major/bin/../lib/gcc/arm-none-eabi/7.2.1/../../../../arm-none-eabi/lib/thumb/v7e-m/fpv4-sp/hard\libc_nano.a(lib_a-mprec.o)
                0x08006da6                __multadd
 .text.__hi0bits
                0x08006e1c       0x3e c:/program files (x86)/gnu tools arm embedded/7 2017-q4-major/bin/../lib/gcc/arm-none-eabi/7.2.1/../../../../arm-none-eabi/lib/thumb/v7e-m/fpv4-sp/hard\libc_nano.a(lib_a-mprec.o)
                0x08006e1c                __hi0bits
 .text.__lo0bits
                0x08006e5a       0x5e c:/program files (x86)/gnu tools arm embedded/7 2017-q4-major/bin/../lib/gcc/arm-none-eabi/7.2.1/../../../../arm-none-eabi/lib/thumb/v7e-m/fpv4-sp/hard\libc_nano.a(lib_a-mprec.o)
                0x08006e5a                __lo0bits
 .text.__i2b    0x08006eb8       0x12 c:/program files (x86)/gnu tools arm embedded/7 2017-q4-major/bin/../lib/gcc/arm-none-eabi/7.2.1/../../../../arm-none-eabi/lib/thumb/v7e-m/fpv4-sp/hard\libc_nano.a(lib_a-mprec.o)
                0x08006eb8                __i2b
 .text.__multiply
                0x08006eca      0x12c c:/program files (x86)/gnu tools arm embedded/7 2017-q4-major/bin/../lib/gcc/arm-none-eabi/7.2.1/../../../../arm-none-eabi/lib/thumb/v7e-m/fpv4-sp/hard\libc_nano.a(lib_a-mprec.o)
                0x08006eca                __multiply
 *fill*         0x08006ff6        0x2 
 .text.__pow5mult
                0x08006ff8       0x9c c:/program files (x86)/gnu tools arm embedded/7 2017-q4-major/bin/../lib/gcc/arm-none-eabi/7.2.1/../../../../arm-none-eabi/lib/thumb/v7e-m/fpv4-sp/hard\libc_nano.a(lib_a-mprec.o)
                0x08006ff8                __pow5mult
 .text.__lshift
                0x08007094       0xa8 c:/program files (x86)/gnu tools arm embedded/7 2017-q4-major/bin/../lib/gcc/arm-none-eabi/7.2.1/../../../../arm-none-eabi/lib/thumb/v7e-m/fpv4-sp/hard\libc_nano.a(lib_a-mprec.o)
                0x08007094                __lshift
 .text.__mcmp   0x0800713c       0x34 c:/program files (x86)/gnu tools arm embedded/7 2017-q4-major/bin/../lib/gcc/arm-none-eabi/7.2.1/../../../../arm-none-eabi/lib/thumb/v7e-m/fpv4-sp/hard\libc_nano.a(lib_a-mprec.o)
                0x0800713c                __mcmp
 .text.__mdiff  0x08007170       0xba c:/program files (x86)/gnu tools arm embedded/7 2017-q4-major/bin/../lib/gcc/arm-none-eabi/7.2.1/../../../../arm-none-eabi/lib/thumb/v7e-m/fpv4-sp/hard\libc_nano.a(lib_a-mprec.o)
                0x08007170                __mdiff
 .text.__d2b    0x0800722a       0x9e c:/program files (x86)/gnu tools arm embedded/7 2017-q4-major/bin/../lib/gcc/arm-none-eabi/7.2.1/../../../../arm-none-eabi/lib/thumb/v7e-m/fpv4-sp/hard\libc_nano.a(lib_a-mprec.o)
                0x0800722a                __d2b
 .text._calloc_r
                0x080072c8       0x1c c:/program files (x86)/gnu tools arm embedded/7 2017-q4-major/bin/../lib/gcc/arm-none-eabi/7.2.1/../../../../arm-none-eabi/lib/thumb/v7e-m/fpv4-sp/hard\libc_nano.a(lib_a-nano-callocr.o)
                0x080072c8                _calloc_r
 .text._free_r  0x080072e4       0x9c c:/program files (x86)/gnu tools arm embedded/7 2017-q4-major/bin/../lib/gcc/arm-none-eabi/7.2.1/../../../../arm-none-eabi/lib/thumb/v7e-m/fpv4-sp/hard\libc_nano.a(lib_a-nano-freer.o)
                0x080072e4                _free_r
 .text._malloc_r
                0x08007380       0xb4 c:/program files (x86)/gnu tools arm embedded/7 2017-q4-major/bin/../lib/gcc/arm-none-eabi/7.2.1/../../../../arm-none-eabi/lib/thumb/v7e-m/fpv4-sp/hard\libc_nano.a(lib_a-nano-mallocr.o)
                0x08007380                _malloc_r
 .text.__sfputc_r
                0x08007434       0x2e c:/program files (x86)/gnu tools arm embedded/7 2017-q4-major/bin/../lib/gcc/arm-none-eabi/7.2.1/../../../../arm-none-eabi/lib/thumb/v7e-m/fpv4-sp/hard\libc_nano.a(lib_a-nano-vfprintf.o)
 .text.__sfputs_r
                0x08007462       0x24 c:/program files (x86)/gnu tools arm embedded/7 2017-q4-major/bin/../lib/gcc/arm-none-eabi/7.2.1/../../../../arm-none-eabi/lib/thumb/v7e-m/fpv4-sp/hard\libc_nano.a(lib_a-nano-vfprintf.o)
                0x08007462                __sfputs_r
 *fill*         0x08007486        0x2 
 .text._vfprintf_r
                0x08007488      0x228 c:/program files (x86)/gnu tools arm embedded/7 2017-q4-major/bin/../lib/gcc/arm-none-eabi/7.2.1/../../../../arm-none-eabi/lib/thumb/v7e-m/fpv4-sp/hard\libc_nano.a(lib_a-nano-vfprintf.o)
                0x08007488                _vfprintf_r
                0x08007488                _vfiprintf_r
 .text._sbrk_r  0x080076b0       0x20 c:/program files (x86)/gnu tools arm embedded/7 2017-q4-major/bin/../lib/gcc/arm-none-eabi/7.2.1/../../../../arm-none-eabi/lib/thumb/v7e-m/fpv4-sp/hard\libc_nano.a(lib_a-sbrkr.o)
                0x080076b0                _sbrk_r
 .text.__sread  0x080076d0       0x22 c:/program files (x86)/gnu tools arm embedded/7 2017-q4-major/bin/../lib/gcc/arm-none-eabi/7.2.1/../../../../arm-none-eabi/lib/thumb/v7e-m/fpv4-sp/hard\libc_nano.a(lib_a-stdio.o)
                0x080076d0                __sread
 .text.__swrite
                0x080076f2       0x38 c:/program files (x86)/gnu tools arm embedded/7 2017-q4-major/bin/../lib/gcc/arm-none-eabi/7.2.1/../../../../arm-none-eabi/lib/thumb/v7e-m/fpv4-sp/hard\libc_nano.a(lib_a-stdio.o)
                0x080076f2                __swrite
 .text.__sseek  0x0800772a       0x24 c:/program files (x86)/gnu tools arm embedded/7 2017-q4-major/bin/../lib/gcc/arm-none-eabi/7.2.1/../../../../arm-none-eabi/lib/thumb/v7e-m/fpv4-sp/hard\libc_nano.a(lib_a-stdio.o)
                0x0800772a                __sseek
 .text.__sclose
                0x0800774e        0x8 c:/program files (x86)/gnu tools arm embedded/7 2017-q4-major/bin/../lib/gcc/arm-none-eabi/7.2.1/../../../../arm-none-eabi/lib/thumb/v7e-m/fpv4-sp/hard\libc_nano.a(lib_a-stdio.o)
                0x0800774e                __sclose
 *fill*         0x08007756        0x2 
 .text._write_r
                0x08007758       0x24 c:/program files (x86)/gnu tools arm embedded/7 2017-q4-major/bin/../lib/gcc/arm-none-eabi/7.2.1/../../../../arm-none-eabi/lib/thumb/v7e-m/fpv4-sp/hard\libc_nano.a(lib_a-writer.o)
                0x08007758                _write_r
 .text._close_r
                0x0800777c       0x20 c:/program files (x86)/gnu tools arm embedded/7 2017-q4-major/bin/../lib/gcc/arm-none-eabi/7.2.1/../../../../arm-none-eabi/lib/thumb/v7e-m/fpv4-sp/hard\libc_nano.a(lib_a-closer.o)
                0x0800777c                _close_r
 .text._fstat_r
                0x0800779c       0x24 c:/program files (x86)/gnu tools arm embedded/7 2017-q4-major/bin/../lib/gcc/arm-none-eabi/7.2.1/../../../../arm-none-eabi/lib/thumb/v7e-m/fpv4-sp/hard\libc_nano.a(lib_a-fstatr.o)
                0x0800779c                _fstat_r
 .text._isatty_r
                0x080077c0       0x20 c:/program files (x86)/gnu tools arm embedded/7 2017-q4-major/bin/../lib/gcc/arm-none-eabi/7.2.1/../../../../arm-none-eabi/lib/thumb/v7e-m/fpv4-sp/hard\libc_nano.a(lib_a-isattyr.o)
                0x080077c0                _isatty_r
 .text._lseek_r
                0x080077e0       0x24 c:/program files (x86)/gnu tools arm embedded/7 2017-q4-major/bin/../lib/gcc/arm-none-eabi/7.2.1/../../../../arm-none-eabi/lib/thumb/v7e-m/fpv4-sp/hard\libc_nano.a(lib_a-lseekr.o)
                0x080077e0                _lseek_r
 .text.__ascii_mbtowc
                0x08007804       0x24 c:/program files (x86)/gnu tools arm embedded/7 2017-q4-major/bin/../lib/gcc/arm-none-eabi/7.2.1/../../../../arm-none-eabi/lib/thumb/v7e-m/fpv4-sp/hard\libc_nano.a(lib_a-mbtowc_r.o)
                0x08007804                __ascii_mbtowc
 .text.__malloc_lock
                0x08007828        0x2 c:/program files (x86)/gnu tools arm embedded/7 2017-q4-major/bin/../lib/gcc/arm-none-eabi/7.2.1/../../../../arm-none-eabi/lib/thumb/v7e-m/fpv4-sp/hard\libc_nano.a(lib_a-mlock.o)
                0x08007828                __malloc_lock
 .text.__malloc_unlock
                0x0800782a        0x2 c:/program files (x86)/gnu tools arm embedded/7 2017-q4-major/bin/../lib/gcc/arm-none-eabi/7.2.1/../../../../arm-none-eabi/lib/thumb/v7e-m/fpv4-sp/hard\libc_nano.a(lib_a-mlock.o)
                0x0800782a                __malloc_unlock
 .text._read_r  0x0800782c       0x24 c:/program files (x86)/gnu tools arm embedded/7 2017-q4-major/bin/../lib/gcc/arm-none-eabi/7.2.1/../../../../arm-none-eabi/lib/thumb/v7e-m/fpv4-sp/hard\libc_nano.a(lib_a-readr.o)
                0x0800782c                _read_r
 .text.__ascii_wctomb
                0x08007850       0x1a c:/program files (x86)/gnu tools arm embedded/7 2017-q4-major/bin/../lib/gcc/arm-none-eabi/7.2.1/../../../../arm-none-eabi/lib/thumb/v7e-m/fpv4-sp/hard\libc_nano.a(lib_a-wctomb_r.o)
                0x08007850                __ascii_wctomb
 *(.glue_7)
 .glue_7        0x0800786a        0x0 linker stubs
 *(.glue_7t)
 .glue_7t       0x0800786a        0x0 linker stubs
 *(.eh_frame)
 *fill*         0x0800786a        0x2 
 .eh_frame      0x0800786c        0x0 c:/program files (x86)/gnu tools arm embedded/7 2017-q4-major/bin/../lib/gcc/arm-none-eabi/7.2.1/thumb/v7e-m/fpv4-sp/hard/crtbegin.o
 *(.init)
 .init          0x0800786c        0x4 c:/program files (x86)/gnu tools arm embedded/7 2017-q4-major/bin/../lib/gcc/arm-none-eabi/7.2.1/thumb/v7e-m/fpv4-sp/hard/crti.o
                0x0800786c                _init
 .init          0x08007870        0x8 c:/program files (x86)/gnu tools arm embedded/7 2017-q4-major/bin/../lib/gcc/arm-none-eabi/7.2.1/thumb/v7e-m/fpv4-sp/hard/crtn.o
 *(.fini)
 .fini          0x08007878        0x4 c:/program files (x86)/gnu tools arm embedded/7 2017-q4-major/bin/../lib/gcc/arm-none-eabi/7.2.1/thumb/v7e-m/fpv4-sp/hard/crti.o
                0x08007878                _fini
 .fini          0x0800787c        0x8 c:/program files (x86)/gnu tools arm embedded/7 2017-q4-major/bin/../lib/gcc/arm-none-eabi/7.2.1/thumb/v7e-m/fpv4-sp/hard/crtn.o
                0x08007884                . = ALIGN (0x4)
                0x08007884                _etext = .

.vfp11_veneer   0x08007884        0x0
 .vfp11_veneer  0x08007884        0x0 linker stubs

.v4_bx          0x08007884        0x0
 .v4_bx         0x08007884        0x0 linker stubs

.iplt           0x08007884        0x0
 .iplt          0x08007884        0x0 c:/program files (x86)/gnu tools arm embedded/7 2017-q4-major/bin/../lib/gcc/arm-none-eabi/7.2.1/thumb/v7e-m/fpv4-sp/hard/crtbegin.o

.rodata         0x08007888      0x378
                0x08007888                . = ALIGN (0x4)
 *(.rodata)
 *(.rodata*)
 .rodata.AHBPrescTable
                0x08007888       0x10 build/system_stm32f4xx.o
                0x08007888                AHBPrescTable
 .rodata.APBPrescTable
                0x08007898        0x8 build/system_stm32f4xx.o
                0x08007898                APBPrescTable
 .rodata.MX_ADC1_Init.str1.4
                0x080078a0        0xa build/adc.o
 *fill*         0x080078aa        0x2 
 .rodata.SystemClock_Config.str1.4
                0x080078ac        0xb build/main.o
 *fill*         0x080078b7        0x1 
 .rodata.MX_USART3_UART_Init.str1.4
                0x080078b8        0xc build/usart.o
 .rodata.MX_TIM3_Init.str1.4
                0x080078c4        0xa build/tim.o
 *fill*         0x080078ce        0x2 
 .rodata.flagBitshiftOffset.9184
                0x080078d0        0x8 build/stm32f4xx_hal_dma.o
 .rodata.MX_SPI2_Init.str1.4
                0x080078d8        0xa build/spi.o
 *fill*         0x080078e2        0x2 
 .rodata.set_mpu6500.str1.4
                0x080078e4        0xe build/spi.o
 *fill*         0x080078f2        0x2 
 .rodata.Control_Wall.str1.4
                0x080078f4        0x8 build/control.o
 .rodata.Mode_select.str1.4
                0x080078fc        0x4 build/mode.o
 .rodata.Batt_Check.str1.4
                0x08007900        0xc build/motion.o
 .rodata.Sensor_Mode.str1.4
                0x0800790c       0x1b build/motion.o
 *fill*         0x08007927        0x1 
 .rodata.Show_log.str1.4
                0x08007928       0x14 build/motion.o
                                 0x1c (size before relaxing)
 .rodata._global_impure_ptr
                0x0800793c        0x4 c:/program files (x86)/gnu tools arm embedded/7 2017-q4-major/bin/../lib/gcc/arm-none-eabi/7.2.1/../../../../arm-none-eabi/lib/thumb/v7e-m/fpv4-sp/hard\libc_nano.a(lib_a-impure.o)
                0x0800793c                _global_impure_ptr
 .rodata._printf_float.str1.1
                0x08007940       0x12 c:/program files (x86)/gnu tools arm embedded/7 2017-q4-major/bin/../lib/gcc/arm-none-eabi/7.2.1/../../../../arm-none-eabi/lib/thumb/v7e-m/fpv4-sp/hard\libc_nano.a(lib_a-nano-vfprintf_float.o)
 .rodata._printf_i.str1.1
                0x08007952       0x22 c:/program files (x86)/gnu tools arm embedded/7 2017-q4-major/bin/../lib/gcc/arm-none-eabi/7.2.1/../../../../arm-none-eabi/lib/thumb/v7e-m/fpv4-sp/hard\libc_nano.a(lib_a-nano-vfprintf_i.o)
 .rodata._dtoa_r.str1.1
                0x08007974        0xd c:/program files (x86)/gnu tools arm embedded/7 2017-q4-major/bin/../lib/gcc/arm-none-eabi/7.2.1/../../../../arm-none-eabi/lib/thumb/v7e-m/fpv4-sp/hard\libc_nano.a(lib_a-dtoa.o)
                                  0xf (size before relaxing)
 *fill*         0x08007981        0x3 
 .rodata.__sf_fake_stderr
                0x08007984       0x20 c:/program files (x86)/gnu tools arm embedded/7 2017-q4-major/bin/../lib/gcc/arm-none-eabi/7.2.1/../../../../arm-none-eabi/lib/thumb/v7e-m/fpv4-sp/hard\libc_nano.a(lib_a-findfp.o)
                0x08007984                __sf_fake_stderr
 .rodata.__sf_fake_stdin
                0x080079a4       0x20 c:/program files (x86)/gnu tools arm embedded/7 2017-q4-major/bin/../lib/gcc/arm-none-eabi/7.2.1/../../../../arm-none-eabi/lib/thumb/v7e-m/fpv4-sp/hard\libc_nano.a(lib_a-findfp.o)
                0x080079a4                __sf_fake_stdin
 .rodata.__sf_fake_stdout
                0x080079c4       0x20 c:/program files (x86)/gnu tools arm embedded/7 2017-q4-major/bin/../lib/gcc/arm-none-eabi/7.2.1/../../../../arm-none-eabi/lib/thumb/v7e-m/fpv4-sp/hard\libc_nano.a(lib_a-findfp.o)
                0x080079c4                __sf_fake_stdout
 *fill*         0x080079e4        0x4 
 .rodata.__mprec_bigtens
                0x080079e8       0x28 c:/program files (x86)/gnu tools arm embedded/7 2017-q4-major/bin/../lib/gcc/arm-none-eabi/7.2.1/../../../../arm-none-eabi/lib/thumb/v7e-m/fpv4-sp/hard\libc_nano.a(lib_a-mprec.o)
                0x080079e8                __mprec_bigtens
 .rodata.__mprec_tens
                0x08007a10       0xc8 c:/program files (x86)/gnu tools arm embedded/7 2017-q4-major/bin/../lib/gcc/arm-none-eabi/7.2.1/../../../../arm-none-eabi/lib/thumb/v7e-m/fpv4-sp/hard\libc_nano.a(lib_a-mprec.o)
                0x08007a10                __mprec_tens
 .rodata.p05.7359
                0x08007ad8        0xc c:/program files (x86)/gnu tools arm embedded/7 2017-q4-major/bin/../lib/gcc/arm-none-eabi/7.2.1/../../../../arm-none-eabi/lib/thumb/v7e-m/fpv4-sp/hard\libc_nano.a(lib_a-mprec.o)
 .rodata._vfprintf_r.str1.1
                0x08007ae4       0x11 c:/program files (x86)/gnu tools arm embedded/7 2017-q4-major/bin/../lib/gcc/arm-none-eabi/7.2.1/../../../../arm-none-eabi/lib/thumb/v7e-m/fpv4-sp/hard\libc_nano.a(lib_a-nano-vfprintf.o)
 .rodata._setlocale_r.str1.1
                0x08007af5        0x8 c:/program files (x86)/gnu tools arm embedded/7 2017-q4-major/bin/../lib/gcc/arm-none-eabi/7.2.1/../../../../arm-none-eabi/lib/thumb/v7e-m/fpv4-sp/hard\libc_nano.a(lib_a-locale.o)
                                  0x9 (size before relaxing)
 .rodata.str1.1
                0x08007afd        0x2 c:/program files (x86)/gnu tools arm embedded/7 2017-q4-major/bin/../lib/gcc/arm-none-eabi/7.2.1/../../../../arm-none-eabi/lib/thumb/v7e-m/fpv4-sp/hard\libc_nano.a(lib_a-locale.o)
 .rodata._ctype_
                0x08007aff      0x101 c:/program files (x86)/gnu tools arm embedded/7 2017-q4-major/bin/../lib/gcc/arm-none-eabi/7.2.1/../../../../arm-none-eabi/lib/thumb/v7e-m/fpv4-sp/hard\libc_nano.a(lib_a-ctype_.o)
                0x08007aff                _ctype_
                0x08007c00                . = ALIGN (0x4)

.ARM.extab
 *(.ARM.extab* .gnu.linkonce.armextab.*)

.ARM            0x08007c00        0x8
                0x08007c00                __exidx_start = .
 *(.ARM.exidx*)
 .ARM.exidx     0x08007c00        0x8 c:/program files (x86)/gnu tools arm embedded/7 2017-q4-major/bin/../lib/gcc/arm-none-eabi/7.2.1/thumb/v7e-m/fpv4-sp/hard\libgcc.a(_udivmoddi4.o)
                0x08007c08                __exidx_end = .

.rel.dyn        0x08007c08        0x0
 .rel.iplt      0x08007c08        0x0 c:/program files (x86)/gnu tools arm embedded/7 2017-q4-major/bin/../lib/gcc/arm-none-eabi/7.2.1/thumb/v7e-m/fpv4-sp/hard/crtbegin.o

.preinit_array  0x08007c08        0x0
                0x08007c08                PROVIDE (__preinit_array_start, .)
 *(.preinit_array*)
                0x08007c08                PROVIDE (__preinit_array_end, .)

.init_array     0x08007c08        0x4
                0x08007c08                PROVIDE (__init_array_start, .)
 *(SORT_BY_NAME(.init_array.*))
 *(.init_array*)
 .init_array    0x08007c08        0x4 c:/program files (x86)/gnu tools arm embedded/7 2017-q4-major/bin/../lib/gcc/arm-none-eabi/7.2.1/thumb/v7e-m/fpv4-sp/hard/crtbegin.o
                0x08007c0c                PROVIDE (__init_array_end, .)

.fini_array     0x08007c0c        0x4
                [!provide]                PROVIDE (__fini_array_start, .)
 *(SORT_BY_NAME(.fini_array.*))
 *(.fini_array*)
 .fini_array    0x08007c0c        0x4 c:/program files (x86)/gnu tools arm embedded/7 2017-q4-major/bin/../lib/gcc/arm-none-eabi/7.2.1/thumb/v7e-m/fpv4-sp/hard/crtbegin.o
                [!provide]                PROVIDE (__fini_array_end, .)
                0x08007c10                _sidata = LOADADDR (.data)

.data           0x20000000      0x1dc load address 0x08007c10
                0x20000000                . = ALIGN (0x4)
                0x20000000                _sdata = .
 *(.data)
 *(.data*)
 .data.uwTickFreq
                0x20000000        0x1 build/stm32f4xx_hal.o
                0x20000000                uwTickFreq
 *fill*         0x20000001        0x3 
 .data.uwTickPrio
                0x20000004        0x4 build/stm32f4xx_hal.o
                0x20000004                uwTickPrio
 .data.SystemCoreClock
                0x20000008        0x4 build/system_stm32f4xx.o
                0x20000008                SystemCoreClock
 .data._impure_ptr
                0x2000000c        0x4 c:/program files (x86)/gnu tools arm embedded/7 2017-q4-major/bin/../lib/gcc/arm-none-eabi/7.2.1/../../../../arm-none-eabi/lib/thumb/v7e-m/fpv4-sp/hard\libc_nano.a(lib_a-impure.o)
                0x2000000c                _impure_ptr
 .data.impure_data
                0x20000010       0x60 c:/program files (x86)/gnu tools arm embedded/7 2017-q4-major/bin/../lib/gcc/arm-none-eabi/7.2.1/../../../../arm-none-eabi/lib/thumb/v7e-m/fpv4-sp/hard\libc_nano.a(lib_a-impure.o)
 .data.__global_locale
                0x20000070      0x16c c:/program files (x86)/gnu tools arm embedded/7 2017-q4-major/bin/../lib/gcc/arm-none-eabi/7.2.1/../../../../arm-none-eabi/lib/thumb/v7e-m/fpv4-sp/hard\libc_nano.a(lib_a-locale.o)
                0x20000070                __global_locale
                0x200001dc                . = ALIGN (0x4)
                0x200001dc                _edata = .
                0x08007dec                _siccmram = LOADADDR (.ccmram)

.igot.plt       0x200001dc        0x0 load address 0x08007dec
 .igot.plt      0x200001dc        0x0 c:/program files (x86)/gnu tools arm embedded/7 2017-q4-major/bin/../lib/gcc/arm-none-eabi/7.2.1/thumb/v7e-m/fpv4-sp/hard/crtbegin.o

.ccmram         0x10000000        0x0 load address 0x08007dec
                0x10000000                . = ALIGN (0x4)
                0x10000000                _sccmram = .
 *(.ccmram)
 *(.ccmram*)
                0x10000000                . = ALIGN (0x4)
                0x10000000                _eccmram = .
                0x10000000                . = ALIGN (0x4)

.bss            0x200001dc     0xa054
                0x200001dc                _sbss = .
                0x200001dc                __bss_start__ = _sbss
 *(.bss)
 .bss           0x200001dc       0x1c c:/program files (x86)/gnu tools arm embedded/7 2017-q4-major/bin/../lib/gcc/arm-none-eabi/7.2.1/thumb/v7e-m/fpv4-sp/hard/crtbegin.o
 *(.bss*)
 .bss.heap_end.7234
                0x200001f8        0x4 build/syscalls.o
 .bss.encoder_Kd
                0x200001fc        0x4 build/control.o
                0x200001fc                encoder_Kd
 .bss.encoder_Ki
                0x20000200        0x4 build/control.o
                0x20000200                encoder_Ki
 .bss.encoder_Kp
                0x20000204        0x4 build/control.o
                0x20000204                encoder_Kp
 .bss.ctr_irled
                0x20000208        0x1 build/function.o
 *fill*         0x20000209        0x3 
 .bss.__malloc_free_list
                0x2000020c        0x4 c:/program files (x86)/gnu tools arm embedded/7 2017-q4-major/bin/../lib/gcc/arm-none-eabi/7.2.1/../../../../arm-none-eabi/lib/thumb/v7e-m/fpv4-sp/hard\libc_nano.a(lib_a-nano-mallocr.o)
                0x2000020c                __malloc_free_list
 .bss.__malloc_sbrk_start
                0x20000210        0x4 c:/program files (x86)/gnu tools arm embedded/7 2017-q4-major/bin/../lib/gcc/arm-none-eabi/7.2.1/../../../../arm-none-eabi/lib/thumb/v7e-m/fpv4-sp/hard\libc_nano.a(lib_a-nano-mallocr.o)
                0x20000210                __malloc_sbrk_start
 *(COMMON)
 COMMON         0x20000214        0x4 build/stm32f4xx_hal.o
                0x20000214                uwTick
 COMMON         0x20000218       0xf0 build/adc.o
                0x20000218                hadc2
                0x20000260                hadc1
                0x200002a8                hdma_adc1
 COMMON         0x20000308       0x26 build/stm32f4xx_it.o
                0x20000308                w_sum
                0x2000030c                s_sum_l
                0x20000310                straight_pid_l
                0x20000312                wall_pid
                0x20000314                straight_dir
                0x20000318                w_befor
                0x2000031c                straight_pid_r
                0x20000320                y_sum
                0x20000324                s_sum_r
                0x20000328                y_sumsum
                0x2000032c                yawrate_pid
 *fill*         0x2000032e        0x2 
 COMMON         0x20000330       0x40 build/usart.o
                0x20000330                huart3
 COMMON         0x20000370      0x114 build/tim.o
                0x20000370                htim4
                0x200003ac                sMasterConfig
                0x200003b4                htim3
                0x200003f0                sConfigOC
                0x2000040c                htim1
                0x20000448                htim2
 COMMON         0x20000484       0x58 build/spi.o
                0x20000484                hspi2
 COMMON         0x200004dc     0x9d50 build/global.o
                0x200004dc                ADCOffData
                0x200004ec                straight_cnt
                0x200004ee                yawrate_cnt
                0x200004f0                batt_Vcc
                0x200004f4                constant_T
                0x200004f8                ADCOntData
                0x20000508                y_accel_T
                0x2000050a                accel_T
                0x2000050c                flag
                0x20000518                position
                0x2000051c                batt_analog
                0x2000051e                decrease_T
                0x20000520                enc
                0x2000054c                y_constant_T
                0x20000550                sen_front
                0x20000560                sen_l
                0x20000570                calc
                0x20000580                count_1m
                0x20000584                s_accel
                0x20000588                gyro
                0x200005a0                sen_fr
                0x200005b0                sen_fl
                0x200005c0                loger
                0x2000a200                ADCBuff
                0x2000a210                sen_r
                0x2000a220                motor
                0x2000a228                adc_counter
                0x2000a22a                y_decrease_T
 COMMON         0x2000a22c        0x4 c:/program files (x86)/gnu tools arm embedded/7 2017-q4-major/bin/../lib/gcc/arm-none-eabi/7.2.1/../../../../arm-none-eabi/lib/thumb/v7e-m/fpv4-sp/hard\libc_nano.a(lib_a-reent.o)
                0x2000a22c                errno
                0x2000a230                . = ALIGN (0x4)
                0x2000a230                _ebss = .
                0x2000a230                __bss_end__ = _ebss

._user_heap_stack
                0x2000a230      0x600
                0x2000a230                . = ALIGN (0x8)
                0x2000a230                PROVIDE (end, .)
                [!provide]                PROVIDE (_end, .)
                0x2000a430                . = (. + _Min_Heap_Size)
 *fill*         0x2000a230      0x200 
                0x2000a830                . = (. + _Min_Stack_Size)
 *fill*         0x2000a430      0x400 
                0x2000a830                . = ALIGN (0x8)

/DISCARD/
 libc.a(*)
 libm.a(*)
 libgcc.a(*)

.ARM.attributes
                0x00000000       0x30
 *(.ARM.attributes)
 .ARM.attributes
                0x00000000       0x22 c:/program files (x86)/gnu tools arm embedded/7 2017-q4-major/bin/../lib/gcc/arm-none-eabi/7.2.1/thumb/v7e-m/fpv4-sp/hard/crti.o
 .ARM.attributes
                0x00000022       0x34 c:/program files (x86)/gnu tools arm embedded/7 2017-q4-major/bin/../lib/gcc/arm-none-eabi/7.2.1/thumb/v7e-m/fpv4-sp/hard/crtbegin.o
 .ARM.attributes
                0x00000056       0x39 build/stm32f4xx_hal.o
 .ARM.attributes
                0x0000008f       0x39 build/system_stm32f4xx.o
 .ARM.attributes
                0x000000c8       0x39 build/stm32f4xx_hal_gpio.o
 .ARM.attributes
                0x00000101       0x39 build/adc.o
 .ARM.attributes
                0x0000013a       0x39 build/stm32f4xx_it.o
 .ARM.attributes
                0x00000173       0x39 build/stm32f4xx_hal_tim_ex.o
 .ARM.attributes
                0x000001ac       0x39 build/gpio.o
 .ARM.attributes
                0x000001e5       0x39 build/stm32f4xx_hal_spi.o
 .ARM.attributes
                0x0000021e       0x39 build/stm32f4xx_hal_rcc.o
 .ARM.attributes
                0x00000257       0x39 build/main.o
 .ARM.attributes
                0x00000290       0x39 build/usart.o
 .ARM.attributes
                0x000002c9       0x39 build/stm32f4xx_hal_uart.o
 .ARM.attributes
                0x00000302       0x39 build/tim.o
 .ARM.attributes
                0x0000033b       0x39 build/stm32f4xx_hal_cortex.o
 .ARM.attributes
                0x00000374       0x39 build/stm32f4xx_hal_adc.o
 .ARM.attributes
                0x000003ad       0x39 build/stm32f4xx_hal_msp.o
 .ARM.attributes
                0x000003e6       0x39 build/stm32f4xx_hal_dma.o
 .ARM.attributes
                0x0000041f       0x39 build/stm32f4xx_hal_tim.o
 .ARM.attributes
                0x00000458       0x39 build/spi.o
 .ARM.attributes
                0x00000491       0x39 build/syscalls.o
 .ARM.attributes
                0x000004ca       0x39 build/global.o
 .ARM.attributes
                0x00000503       0x39 build/control.o
 .ARM.attributes
                0x0000053c       0x39 build/mode.o
 .ARM.attributes
                0x00000575       0x39 build/motion.o
 .ARM.attributes
                0x000005ae       0x39 build/dma.o
 .ARM.attributes
                0x000005e7       0x39 build/function.o
 .ARM.attributes
                0x00000620       0x21 build/startup_stm32f405xx.o
 .ARM.attributes
                0x00000641       0x34 c:/program files (x86)/gnu tools arm embedded/7 2017-q4-major/bin/../lib/gcc/arm-none-eabi/7.2.1/../../../../arm-none-eabi/lib/thumb/v7e-m/fpv4-sp/hard\libc_nano.a(lib_a-errno.o)
 .ARM.attributes
                0x00000675       0x34 c:/program files (x86)/gnu tools arm embedded/7 2017-q4-major/bin/../lib/gcc/arm-none-eabi/7.2.1/../../../../arm-none-eabi/lib/thumb/v7e-m/fpv4-sp/hard\libc_nano.a(lib_a-impure.o)
 .ARM.attributes
                0x000006a9       0x34 c:/program files (x86)/gnu tools arm embedded/7 2017-q4-major/bin/../lib/gcc/arm-none-eabi/7.2.1/../../../../arm-none-eabi/lib/thumb/v7e-m/fpv4-sp/hard\libc_nano.a(lib_a-init.o)
 .ARM.attributes
                0x000006dd       0x34 c:/program files (x86)/gnu tools arm embedded/7 2017-q4-major/bin/../lib/gcc/arm-none-eabi/7.2.1/../../../../arm-none-eabi/lib/thumb/v7e-m/fpv4-sp/hard\libc_nano.a(lib_a-memcpy-stub.o)
 .ARM.attributes
                0x00000711       0x34 c:/program files (x86)/gnu tools arm embedded/7 2017-q4-major/bin/../lib/gcc/arm-none-eabi/7.2.1/../../../../arm-none-eabi/lib/thumb/v7e-m/fpv4-sp/hard\libc_nano.a(lib_a-memset.o)
 .ARM.attributes
                0x00000745       0x34 c:/program files (x86)/gnu tools arm embedded/7 2017-q4-major/bin/../lib/gcc/arm-none-eabi/7.2.1/../../../../arm-none-eabi/lib/thumb/v7e-m/fpv4-sp/hard\libc_nano.a(lib_a-nano-vfprintf_float.o)
 .ARM.attributes
                0x00000779       0x34 c:/program files (x86)/gnu tools arm embedded/7 2017-q4-major/bin/../lib/gcc/arm-none-eabi/7.2.1/../../../../arm-none-eabi/lib/thumb/v7e-m/fpv4-sp/hard\libc_nano.a(lib_a-nano-vfprintf_i.o)
 .ARM.attributes
                0x000007ad       0x34 c:/program files (x86)/gnu tools arm embedded/7 2017-q4-major/bin/../lib/gcc/arm-none-eabi/7.2.1/../../../../arm-none-eabi/lib/thumb/v7e-m/fpv4-sp/hard\libc_nano.a(lib_a-printf.o)
 .ARM.attributes
                0x000007e1       0x34 c:/program files (x86)/gnu tools arm embedded/7 2017-q4-major/bin/../lib/gcc/arm-none-eabi/7.2.1/../../../../arm-none-eabi/lib/thumb/v7e-m/fpv4-sp/hard\libc_nano.a(lib_a-setbuf.o)
 .ARM.attributes
                0x00000815       0x34 c:/program files (x86)/gnu tools arm embedded/7 2017-q4-major/bin/../lib/gcc/arm-none-eabi/7.2.1/../../../../arm-none-eabi/lib/thumb/v7e-m/fpv4-sp/hard\libc_nano.a(lib_a-setvbuf.o)
 .ARM.attributes
                0x00000849       0x1b c:/program files (x86)/gnu tools arm embedded/7 2017-q4-major/bin/../lib/gcc/arm-none-eabi/7.2.1/../../../../arm-none-eabi/lib/thumb/v7e-m/fpv4-sp/hard\libc_nano.a(lib_a-strlen.o)
 .ARM.attributes
                0x00000864       0x34 c:/program files (x86)/gnu tools arm embedded/7 2017-q4-major/bin/../lib/gcc/arm-none-eabi/7.2.1/../../../../arm-none-eabi/lib/thumb/v7e-m/fpv4-sp/hard\libc_nano.a(lib_a-wbuf.o)
 .ARM.attributes
                0x00000898       0x34 c:/program files (x86)/gnu tools arm embedded/7 2017-q4-major/bin/../lib/gcc/arm-none-eabi/7.2.1/../../../../arm-none-eabi/lib/thumb/v7e-m/fpv4-sp/hard\libc_nano.a(lib_a-wsetup.o)
 .ARM.attributes
                0x000008cc       0x34 c:/program files (x86)/gnu tools arm embedded/7 2017-q4-major/bin/../lib/gcc/arm-none-eabi/7.2.1/../../../../arm-none-eabi/lib/thumb/v7e-m/fpv4-sp/hard\libc_nano.a(lib_a-dtoa.o)
 .ARM.attributes
                0x00000900       0x34 c:/program files (x86)/gnu tools arm embedded/7 2017-q4-major/bin/../lib/gcc/arm-none-eabi/7.2.1/../../../../arm-none-eabi/lib/thumb/v7e-m/fpv4-sp/hard\libc_nano.a(lib_a-fflush.o)
 .ARM.attributes
                0x00000934       0x34 c:/program files (x86)/gnu tools arm embedded/7 2017-q4-major/bin/../lib/gcc/arm-none-eabi/7.2.1/../../../../arm-none-eabi/lib/thumb/v7e-m/fpv4-sp/hard\libc_nano.a(lib_a-findfp.o)
 .ARM.attributes
                0x00000968       0x34 c:/program files (x86)/gnu tools arm embedded/7 2017-q4-major/bin/../lib/gcc/arm-none-eabi/7.2.1/../../../../arm-none-eabi/lib/thumb/v7e-m/fpv4-sp/hard\libc_nano.a(lib_a-fwalk.o)
 .ARM.attributes
                0x0000099c       0x34 c:/program files (x86)/gnu tools arm embedded/7 2017-q4-major/bin/../lib/gcc/arm-none-eabi/7.2.1/../../../../arm-none-eabi/lib/thumb/v7e-m/fpv4-sp/hard\libc_nano.a(lib_a-localeconv.o)
 .ARM.attributes
                0x000009d0       0x34 c:/program files (x86)/gnu tools arm embedded/7 2017-q4-major/bin/../lib/gcc/arm-none-eabi/7.2.1/../../../../arm-none-eabi/lib/thumb/v7e-m/fpv4-sp/hard\libc_nano.a(lib_a-makebuf.o)
 .ARM.attributes
                0x00000a04       0x34 c:/program files (x86)/gnu tools arm embedded/7 2017-q4-major/bin/../lib/gcc/arm-none-eabi/7.2.1/../../../../arm-none-eabi/lib/thumb/v7e-m/fpv4-sp/hard\libc_nano.a(lib_a-malloc.o)
 .ARM.attributes
                0x00000a38       0x20 c:/program files (x86)/gnu tools arm embedded/7 2017-q4-major/bin/../lib/gcc/arm-none-eabi/7.2.1/../../../../arm-none-eabi/lib/thumb/v7e-m/fpv4-sp/hard\libc_nano.a(lib_a-memchr.o)
 .ARM.attributes
                0x00000a58       0x34 c:/program files (x86)/gnu tools arm embedded/7 2017-q4-major/bin/../lib/gcc/arm-none-eabi/7.2.1/../../../../arm-none-eabi/lib/thumb/v7e-m/fpv4-sp/hard\libc_nano.a(lib_a-mprec.o)
 .ARM.attributes
                0x00000a8c       0x34 c:/program files (x86)/gnu tools arm embedded/7 2017-q4-major/bin/../lib/gcc/arm-none-eabi/7.2.1/../../../../arm-none-eabi/lib/thumb/v7e-m/fpv4-sp/hard\libc_nano.a(lib_a-nano-callocr.o)
 .ARM.attributes
                0x00000ac0       0x34 c:/program files (x86)/gnu tools arm embedded/7 2017-q4-major/bin/../lib/gcc/arm-none-eabi/7.2.1/../../../../arm-none-eabi/lib/thumb/v7e-m/fpv4-sp/hard\libc_nano.a(lib_a-nano-freer.o)
 .ARM.attributes
                0x00000af4       0x34 c:/program files (x86)/gnu tools arm embedded/7 2017-q4-major/bin/../lib/gcc/arm-none-eabi/7.2.1/../../../../arm-none-eabi/lib/thumb/v7e-m/fpv4-sp/hard\libc_nano.a(lib_a-nano-mallocr.o)
 .ARM.attributes
                0x00000b28       0x34 c:/program files (x86)/gnu tools arm embedded/7 2017-q4-major/bin/../lib/gcc/arm-none-eabi/7.2.1/../../../../arm-none-eabi/lib/thumb/v7e-m/fpv4-sp/hard\libc_nano.a(lib_a-nano-vfprintf.o)
 .ARM.attributes
                0x00000b5c       0x34 c:/program files (x86)/gnu tools arm embedded/7 2017-q4-major/bin/../lib/gcc/arm-none-eabi/7.2.1/../../../../arm-none-eabi/lib/thumb/v7e-m/fpv4-sp/hard\libc_nano.a(lib_a-sbrkr.o)
 .ARM.attributes
                0x00000b90       0x34 c:/program files (x86)/gnu tools arm embedded/7 2017-q4-major/bin/../lib/gcc/arm-none-eabi/7.2.1/../../../../arm-none-eabi/lib/thumb/v7e-m/fpv4-sp/hard\libc_nano.a(lib_a-stdio.o)
 .ARM.attributes
                0x00000bc4       0x34 c:/program files (x86)/gnu tools arm embedded/7 2017-q4-major/bin/../lib/gcc/arm-none-eabi/7.2.1/../../../../arm-none-eabi/lib/thumb/v7e-m/fpv4-sp/hard\libc_nano.a(lib_a-writer.o)
 .ARM.attributes
                0x00000bf8       0x34 c:/program files (x86)/gnu tools arm embedded/7 2017-q4-major/bin/../lib/gcc/arm-none-eabi/7.2.1/../../../../arm-none-eabi/lib/thumb/v7e-m/fpv4-sp/hard\libc_nano.a(lib_a-closer.o)
 .ARM.attributes
                0x00000c2c       0x34 c:/program files (x86)/gnu tools arm embedded/7 2017-q4-major/bin/../lib/gcc/arm-none-eabi/7.2.1/../../../../arm-none-eabi/lib/thumb/v7e-m/fpv4-sp/hard\libc_nano.a(lib_a-fstatr.o)
 .ARM.attributes
                0x00000c60       0x34 c:/program files (x86)/gnu tools arm embedded/7 2017-q4-major/bin/../lib/gcc/arm-none-eabi/7.2.1/../../../../arm-none-eabi/lib/thumb/v7e-m/fpv4-sp/hard\libc_nano.a(lib_a-isattyr.o)
 .ARM.attributes
                0x00000c94       0x34 c:/program files (x86)/gnu tools arm embedded/7 2017-q4-major/bin/../lib/gcc/arm-none-eabi/7.2.1/../../../../arm-none-eabi/lib/thumb/v7e-m/fpv4-sp/hard\libc_nano.a(lib_a-locale.o)
 .ARM.attributes
                0x00000cc8       0x34 c:/program files (x86)/gnu tools arm embedded/7 2017-q4-major/bin/../lib/gcc/arm-none-eabi/7.2.1/../../../../arm-none-eabi/lib/thumb/v7e-m/fpv4-sp/hard\libc_nano.a(lib_a-lseekr.o)
 .ARM.attributes
                0x00000cfc       0x34 c:/program files (x86)/gnu tools arm embedded/7 2017-q4-major/bin/../lib/gcc/arm-none-eabi/7.2.1/../../../../arm-none-eabi/lib/thumb/v7e-m/fpv4-sp/hard\libc_nano.a(lib_a-mbtowc_r.o)
 .ARM.attributes
                0x00000d30       0x34 c:/program files (x86)/gnu tools arm embedded/7 2017-q4-major/bin/../lib/gcc/arm-none-eabi/7.2.1/../../../../arm-none-eabi/lib/thumb/v7e-m/fpv4-sp/hard\libc_nano.a(lib_a-mlock.o)
 .ARM.attributes
                0x00000d64       0x34 c:/program files (x86)/gnu tools arm embedded/7 2017-q4-major/bin/../lib/gcc/arm-none-eabi/7.2.1/../../../../arm-none-eabi/lib/thumb/v7e-m/fpv4-sp/hard\libc_nano.a(lib_a-readr.o)
 .ARM.attributes
                0x00000d98       0x34 c:/program files (x86)/gnu tools arm embedded/7 2017-q4-major/bin/../lib/gcc/arm-none-eabi/7.2.1/../../../../arm-none-eabi/lib/thumb/v7e-m/fpv4-sp/hard\libc_nano.a(lib_a-reent.o)
 .ARM.attributes
                0x00000dcc       0x34 c:/program files (x86)/gnu tools arm embedded/7 2017-q4-major/bin/../lib/gcc/arm-none-eabi/7.2.1/../../../../arm-none-eabi/lib/thumb/v7e-m/fpv4-sp/hard\libc_nano.a(lib_a-wctomb_r.o)
 .ARM.attributes
                0x00000e00       0x34 c:/program files (x86)/gnu tools arm embedded/7 2017-q4-major/bin/../lib/gcc/arm-none-eabi/7.2.1/../../../../arm-none-eabi/lib/thumb/v7e-m/fpv4-sp/hard\libc_nano.a(lib_a-ctype_.o)
 .ARM.attributes
                0x00000e34       0x22 c:/program files (x86)/gnu tools arm embedded/7 2017-q4-major/bin/../lib/gcc/arm-none-eabi/7.2.1/thumb/v7e-m/fpv4-sp/hard\libgcc.a(_arm_addsubdf3.o)
 .ARM.attributes
                0x00000e56       0x22 c:/program files (x86)/gnu tools arm embedded/7 2017-q4-major/bin/../lib/gcc/arm-none-eabi/7.2.1/thumb/v7e-m/fpv4-sp/hard\libgcc.a(_arm_muldivdf3.o)
 .ARM.attributes
                0x00000e78       0x22 c:/program files (x86)/gnu tools arm embedded/7 2017-q4-major/bin/../lib/gcc/arm-none-eabi/7.2.1/thumb/v7e-m/fpv4-sp/hard\libgcc.a(_arm_cmpdf2.o)
 .ARM.attributes
                0x00000e9a       0x22 c:/program files (x86)/gnu tools arm embedded/7 2017-q4-major/bin/../lib/gcc/arm-none-eabi/7.2.1/thumb/v7e-m/fpv4-sp/hard\libgcc.a(_arm_unorddf2.o)
 .ARM.attributes
                0x00000ebc       0x22 c:/program files (x86)/gnu tools arm embedded/7 2017-q4-major/bin/../lib/gcc/arm-none-eabi/7.2.1/thumb/v7e-m/fpv4-sp/hard\libgcc.a(_arm_fixdfsi.o)
 .ARM.attributes
                0x00000ede       0x22 c:/program files (x86)/gnu tools arm embedded/7 2017-q4-major/bin/../lib/gcc/arm-none-eabi/7.2.1/thumb/v7e-m/fpv4-sp/hard\libgcc.a(_aeabi_uldivmod.o)
 .ARM.attributes
                0x00000f00       0x34 c:/program files (x86)/gnu tools arm embedded/7 2017-q4-major/bin/../lib/gcc/arm-none-eabi/7.2.1/thumb/v7e-m/fpv4-sp/hard\libgcc.a(_udivmoddi4.o)
 .ARM.attributes
                0x00000f34       0x22 c:/program files (x86)/gnu tools arm embedded/7 2017-q4-major/bin/../lib/gcc/arm-none-eabi/7.2.1/thumb/v7e-m/fpv4-sp/hard\libgcc.a(_dvmd_tls.o)
 .ARM.attributes
                0x00000f56       0x22 c:/program files (x86)/gnu tools arm embedded/7 2017-q4-major/bin/../lib/gcc/arm-none-eabi/7.2.1/thumb/v7e-m/fpv4-sp/hard/crtn.o
OUTPUT(build/mmc2018_ver1_1.elf elf32-littlearm)

.debug_info     0x00000000    0x2b573
 .debug_info    0x00000000     0x137d build/stm32f4xx_hal.o
 .debug_info    0x0000137d      0xe82 build/system_stm32f4xx.o
 .debug_info    0x000021ff     0x110f build/stm32f4xx_hal_gpio.o
 .debug_info    0x0000330e     0x1c17 build/adc.o
 .debug_info    0x00004f25     0x1d18 build/stm32f4xx_it.o
 .debug_info    0x00006c3d     0x1d71 build/stm32f4xx_hal_tim_ex.o
 .debug_info    0x000089ae     0x16d9 build/gpio.o
 .debug_info    0x0000a087     0x2464 build/stm32f4xx_hal_spi.o
 .debug_info    0x0000c4eb     0x1418 build/stm32f4xx_hal_rcc.o
 .debug_info    0x0000d903     0x2792 build/main.o
 .debug_info    0x00010095     0x1367 build/usart.o
 .debug_info    0x000113fc     0x2172 build/stm32f4xx_hal_uart.o
 .debug_info    0x0001356e     0x259a build/tim.o
 .debug_info    0x00015b08     0x1903 build/stm32f4xx_hal_cortex.o
 .debug_info    0x0001740b     0x17f4 build/stm32f4xx_hal_adc.o
 .debug_info    0x00018bff      0xd4e build/stm32f4xx_hal_msp.o
 .debug_info    0x0001994d     0x13ee build/stm32f4xx_hal_dma.o
 .debug_info    0x0001ad3b     0x3a39 build/stm32f4xx_hal_tim.o
 .debug_info    0x0001e774     0x1da5 build/spi.o
 .debug_info    0x00020519     0x114b build/syscalls.o
 .debug_info    0x00021664     0x108a build/global.o
 .debug_info    0x000226ee     0x1d67 build/control.o
 .debug_info    0x00024455     0x20a0 build/mode.o
 .debug_info    0x000264f5     0x23f5 build/motion.o
 .debug_info    0x000288ea      0xea5 build/dma.o
 .debug_info    0x0002978f     0x1dc2 build/function.o
 .debug_info    0x0002b551       0x22 build/startup_stm32f405xx.o

.debug_abbrev   0x00000000     0x480b
 .debug_abbrev  0x00000000      0x2e1 build/stm32f4xx_hal.o
 .debug_abbrev  0x000002e1      0x1e6 build/system_stm32f4xx.o
 .debug_abbrev  0x000004c7      0x2be build/stm32f4xx_hal_gpio.o
 .debug_abbrev  0x00000785      0x27c build/adc.o
 .debug_abbrev  0x00000a01      0x276 build/stm32f4xx_it.o
 .debug_abbrev  0x00000c77      0x2f8 build/stm32f4xx_hal_tim_ex.o
 .debug_abbrev  0x00000f6f      0x279 build/gpio.o
 .debug_abbrev  0x000011e8      0x323 build/stm32f4xx_hal_spi.o
 .debug_abbrev  0x0000150b      0x32f build/stm32f4xx_hal_rcc.o
 .debug_abbrev  0x0000183a      0x2e3 build/main.o
 .debug_abbrev  0x00001b1d      0x23b build/usart.o
 .debug_abbrev  0x00001d58      0x375 build/stm32f4xx_hal_uart.o
 .debug_abbrev  0x000020cd      0x337 build/tim.o
 .debug_abbrev  0x00002404      0x3dc build/stm32f4xx_hal_cortex.o
 .debug_abbrev  0x000027e0      0x300 build/stm32f4xx_hal_adc.o
 .debug_abbrev  0x00002ae0      0x1ed build/stm32f4xx_hal_msp.o
 .debug_abbrev  0x00002ccd      0x328 build/stm32f4xx_hal_dma.o
 .debug_abbrev  0x00002ff5      0x310 build/stm32f4xx_hal_tim.o
 .debug_abbrev  0x00003305      0x2dd build/spi.o
 .debug_abbrev  0x000035e2      0x2d3 build/syscalls.o
 .debug_abbrev  0x000038b5      0x1a8 build/global.o
 .debug_abbrev  0x00003a5d      0x329 build/control.o
 .debug_abbrev  0x00003d86      0x28e build/mode.o
 .debug_abbrev  0x00004014      0x30a build/motion.o
 .debug_abbrev  0x0000431e      0x216 build/dma.o
 .debug_abbrev  0x00004534      0x2c5 build/function.o
 .debug_abbrev  0x000047f9       0x12 build/startup_stm32f405xx.o

.debug_loc      0x00000000     0xda68
 .debug_loc     0x00000000      0x19d build/stm32f4xx_hal.o
 .debug_loc     0x0000019d      0x13e build/system_stm32f4xx.o
 .debug_loc     0x000002db      0x531 build/stm32f4xx_hal_gpio.o
 .debug_loc     0x0000080c      0x18c build/adc.o
 .debug_loc     0x00000998       0x81 build/stm32f4xx_it.o
 .debug_loc     0x00000a19     0x131e build/stm32f4xx_hal_tim_ex.o
 .debug_loc     0x00001d37      0x11e build/gpio.o
 .debug_loc     0x00001e55     0x1ffb build/stm32f4xx_hal_spi.o
 .debug_loc     0x00003e50      0x555 build/stm32f4xx_hal_rcc.o
 .debug_loc     0x000043a5       0xdd build/main.o
 .debug_loc     0x00004482       0xd3 build/usart.o
 .debug_loc     0x00004555     0x1a3f build/stm32f4xx_hal_uart.o
 .debug_loc     0x00005f94      0x463 build/tim.o
 .debug_loc     0x000063f7      0x65e build/stm32f4xx_hal_cortex.o
 .debug_loc     0x00006a55      0xbd0 build/stm32f4xx_hal_adc.o
 .debug_loc     0x00007625       0x20 build/stm32f4xx_hal_msp.o
 .debug_loc     0x00007645      0xc96 build/stm32f4xx_hal_dma.o
 .debug_loc     0x000082db     0x404a build/stm32f4xx_hal_tim.o
 .debug_loc     0x0000c325      0x31d build/spi.o
 .debug_loc     0x0000c642      0x51b build/syscalls.o
 .debug_loc     0x0000cb5d      0x80b build/control.o
 .debug_loc     0x0000d368      0x1b4 build/mode.o
 .debug_loc     0x0000d51c      0x430 build/motion.o
 .debug_loc     0x0000d94c       0x38 build/dma.o
 .debug_loc     0x0000d984       0xe4 build/function.o

.debug_aranges  0x00000000     0x11b0
 .debug_aranges
                0x00000000       0xe0 build/stm32f4xx_hal.o
 .debug_aranges
                0x000000e0       0x28 build/system_stm32f4xx.o
 .debug_aranges
                0x00000108       0x58 build/stm32f4xx_hal_gpio.o
 .debug_aranges
                0x00000160       0x38 build/adc.o
 .debug_aranges
                0x00000198       0x70 build/stm32f4xx_it.o
 .debug_aranges
                0x00000208      0x140 build/stm32f4xx_hal_tim_ex.o
 .debug_aranges
                0x00000348       0x40 build/gpio.o
 .debug_aranges
                0x00000388      0x1c8 build/stm32f4xx_hal_spi.o
 .debug_aranges
                0x00000550       0x88 build/stm32f4xx_hal_rcc.o
 .debug_aranges
                0x000005d8       0x40 build/main.o
 .debug_aranges
                0x00000618       0x30 build/usart.o
 .debug_aranges
                0x00000648      0x1d0 build/stm32f4xx_hal_uart.o
 .debug_aranges
                0x00000818       0x78 build/tim.o
 .debug_aranges
                0x00000890       0xa8 build/stm32f4xx_hal_cortex.o
 .debug_aranges
                0x00000938       0xe8 build/stm32f4xx_hal_adc.o
 .debug_aranges
                0x00000a20       0x20 build/stm32f4xx_hal_msp.o
 .debug_aranges
                0x00000a40       0x90 build/stm32f4xx_hal_dma.o
 .debug_aranges
                0x00000ad0      0x368 build/stm32f4xx_hal_tim.o
 .debug_aranges
                0x00000e38       0x70 build/spi.o
 .debug_aranges
                0x00000ea8       0xb0 build/syscalls.o
 .debug_aranges
                0x00000f58       0x18 build/global.o
 .debug_aranges
                0x00000f70       0x80 build/control.o
 .debug_aranges
                0x00000ff0       0x38 build/mode.o
 .debug_aranges
                0x00001028       0xf8 build/motion.o
 .debug_aranges
                0x00001120       0x20 build/dma.o
 .debug_aranges
                0x00001140       0x48 build/function.o
 .debug_aranges
                0x00001188       0x28 build/startup_stm32f405xx.o

.debug_ranges   0x00000000     0x1090
 .debug_ranges  0x00000000       0xd0 build/stm32f4xx_hal.o
 .debug_ranges  0x000000d0       0x18 build/system_stm32f4xx.o
 .debug_ranges  0x000000e8       0x48 build/stm32f4xx_hal_gpio.o
 .debug_ranges  0x00000130       0x28 build/adc.o
 .debug_ranges  0x00000158       0x60 build/stm32f4xx_it.o
 .debug_ranges  0x000001b8      0x130 build/stm32f4xx_hal_tim_ex.o
 .debug_ranges  0x000002e8       0x30 build/gpio.o
 .debug_ranges  0x00000318      0x1b8 build/stm32f4xx_hal_spi.o
 .debug_ranges  0x000004d0       0x90 build/stm32f4xx_hal_rcc.o
 .debug_ranges  0x00000560       0x30 build/main.o
 .debug_ranges  0x00000590       0x20 build/usart.o
 .debug_ranges  0x000005b0      0x1c0 build/stm32f4xx_hal_uart.o
 .debug_ranges  0x00000770       0x68 build/tim.o
 .debug_ranges  0x000007d8       0xf8 build/stm32f4xx_hal_cortex.o
 .debug_ranges  0x000008d0       0xd8 build/stm32f4xx_hal_adc.o
 .debug_ranges  0x000009a8       0x10 build/stm32f4xx_hal_msp.o
 .debug_ranges  0x000009b8       0x80 build/stm32f4xx_hal_dma.o
 .debug_ranges  0x00000a38      0x358 build/stm32f4xx_hal_tim.o
 .debug_ranges  0x00000d90       0x60 build/spi.o
 .debug_ranges  0x00000df0       0xa0 build/syscalls.o
 .debug_ranges  0x00000e90       0x70 build/control.o
 .debug_ranges  0x00000f00       0x28 build/mode.o
 .debug_ranges  0x00000f28      0x100 build/motion.o
 .debug_ranges  0x00001028       0x10 build/dma.o
 .debug_ranges  0x00001038       0x38 build/function.o
 .debug_ranges  0x00001070       0x20 build/startup_stm32f405xx.o

.debug_line     0x00000000     0x8e6d
 .debug_line    0x00000000      0x482 build/stm32f4xx_hal.o
 .debug_line    0x00000482      0x255 build/system_stm32f4xx.o
 .debug_line    0x000006d7      0x410 build/stm32f4xx_hal_gpio.o
 .debug_line    0x00000ae7      0x369 build/adc.o
 .debug_line    0x00000e50      0x3f0 build/stm32f4xx_it.o
 .debug_line    0x00001240      0x878 build/stm32f4xx_hal_tim_ex.o
 .debug_line    0x00001ab8      0x2ea build/gpio.o
 .debug_line    0x00001da2      0xca9 build/stm32f4xx_hal_spi.o
 .debug_line    0x00002a4b      0x546 build/stm32f4xx_hal_rcc.o
 .debug_line    0x00002f91      0x48d build/main.o
 .debug_line    0x0000341e      0x2e3 build/usart.o
 .debug_line    0x00003701      0xbd9 build/stm32f4xx_hal_uart.o
 .debug_line    0x000042da      0x508 build/tim.o
 .debug_line    0x000047e2      0x4c2 build/stm32f4xx_hal_cortex.o
 .debug_line    0x00004ca4      0x758 build/stm32f4xx_hal_adc.o
 .debug_line    0x000053fc      0x264 build/stm32f4xx_hal_msp.o
 .debug_line    0x00005660      0x5c5 build/stm32f4xx_hal_dma.o
 .debug_line    0x00005c25     0x1332 build/stm32f4xx_hal_tim.o
 .debug_line    0x00006f57      0x3ff build/spi.o
 .debug_line    0x00007356      0x3a7 build/syscalls.o
 .debug_line    0x000076fd      0x1a1 build/global.o
 .debug_line    0x0000789e      0x48d build/control.o
 .debug_line    0x00007d2b      0x40e build/mode.o
 .debug_line    0x00008139      0x6ce build/motion.o
 .debug_line    0x00008807      0x251 build/dma.o
 .debug_line    0x00008a58      0x3a1 build/function.o
 .debug_line    0x00008df9       0x74 build/startup_stm32f405xx.o

.debug_str      0x00000000     0x4fa7
 .debug_str     0x00000000      0xe87 build/stm32f4xx_hal.o
                                0xf35 (size before relaxing)
 .debug_str     0x00000e87       0xa7 build/system_stm32f4xx.o
                                0x767 (size before relaxing)
 .debug_str     0x00000f2e      0x1db build/stm32f4xx_hal_gpio.o
                                0x903 (size before relaxing)
 .debug_str     0x00001109      0x6f9 build/adc.o
                                0xf3e (size before relaxing)
 .debug_str     0x00001802      0x560 build/stm32f4xx_it.o
                               0x121e (size before relaxing)
 .debug_str     0x00001d62      0x64d build/stm32f4xx_hal_tim_ex.o
                               0x1088 (size before relaxing)
 .debug_str     0x000023af       0x4d build/gpio.o
                                0xacf (size before relaxing)
 .debug_str     0x000023fc      0x517 build/stm32f4xx_hal_spi.o
                                0xf8d (size before relaxing)
 .debug_str     0x00002913      0x2c5 build/stm32f4xx_hal_rcc.o
                                0xad6 (size before relaxing)
 .debug_str     0x00002bd8      0x2fd build/main.o
                               0x1b52 (size before relaxing)
 .debug_str     0x00002ed5       0x49 build/usart.o
                                0xbe1 (size before relaxing)
 .debug_str     0x00002f1e      0x4eb build/stm32f4xx_hal_uart.o
                               0x1005 (size before relaxing)
 .debug_str     0x00003409      0x197 build/tim.o
                               0x1289 (size before relaxing)
 .debug_str     0x000035a0      0x339 build/stm32f4xx_hal_cortex.o
                               0x100c (size before relaxing)
 .debug_str     0x000038d9      0x26a build/stm32f4xx_hal_adc.o
                                0xd56 (size before relaxing)
 .debug_str     0x00003b43       0x18 build/stm32f4xx_hal_msp.o
                                0xae7 (size before relaxing)
 .debug_str     0x00003b5b      0x2ac build/stm32f4xx_hal_dma.o
                                0xb89 (size before relaxing)
 .debug_str     0x00003e07      0xace build/stm32f4xx_hal_tim.o
                               0x17c8 (size before relaxing)
 .debug_str     0x000048d5       0x84 build/spi.o
                                0xfcc (size before relaxing)
 .debug_str     0x00004959      0x256 build/syscalls.o
                                0x826 (size before relaxing)
 .debug_str     0x00004baf        0xd build/global.o
                                0x885 (size before relaxing)
 .debug_str     0x00004bbc      0x109 build/control.o
                                0xf8e (size before relaxing)
 .debug_str     0x00004cc5      0x1a5 build/mode.o
                               0x12a5 (size before relaxing)
 .debug_str     0x00004e6a       0xda build/motion.o
                               0x1204 (size before relaxing)
 .debug_str     0x00004f44        0xa build/dma.o
                                0xbd2 (size before relaxing)
 .debug_str     0x00004f4e       0x34 build/function.o
                               0x112a (size before relaxing)
 .debug_str     0x00004f82       0x25 build/startup_stm32f405xx.o
                                 0x4e (size before relaxing)

.comment        0x00000000       0x7e
 .comment       0x00000000       0x7e build/stm32f4xx_hal.o
                                 0x7f (size before relaxing)
 .comment       0x0000007e       0x7f build/system_stm32f4xx.o
 .comment       0x0000007e       0x7f build/stm32f4xx_hal_gpio.o
 .comment       0x0000007e       0x7f build/adc.o
 .comment       0x0000007e       0x7f build/stm32f4xx_it.o